 lma

 Timestamp is 50d848f0 (Mon Dec 24 20:22:08 2012)

 Preferred load address is 0000000180000000

 Start         Length     Name                   Class
 0001:00000000 0000c4f9H .text                   CODE
 0001:0000c500 00001022H .text$x                 CODE
 0001:0000d530 000005bbH .text$yc                CODE
 0001:0000daf0 00000448H .text$yd                CODE
 0002:00000000 000008a0H .idata$5                DATA
 0002:000008a0 00000008H .CRT$XCA                DATA
 0002:000008a8 000000b8H .CRT$XCU                DATA
 0002:00000960 00000008H .CRT$XCZ                DATA
 0002:00000968 00000008H .CRT$XIA                DATA
 0002:00000970 00000008H .CRT$XIAA               DATA
 0002:00000978 00000008H .CRT$XIZ                DATA
 0002:00000980 00003819H .rdata                  DATA
 0002:0000419c 00000072H .rdata$debug            DATA
 0002:00004210 0000087cH .rdata$r                DATA
 0002:00004a90 00000008H .rtc$IAA                DATA
 0002:00004a98 00000000H .rtc$IMZ                DATA
 0002:00004a98 00000008H .rtc$IZZ                DATA
 0002:00004aa0 00000008H .rtc$TAA                DATA
 0002:00004aa8 00000000H .rtc$TMZ                DATA
 0002:00004aa8 00000008H .rtc$TZZ                DATA
 0002:00004ab0 0000122cH .xdata                  DATA
 0002:00005ce0 00000084H .xdata$x                DATA
 0002:00005d68 00000000H ATL$__a                 DATA
 0002:00005d68 00000000H ATL$__z                 DATA
 0002:00005d68 00000104H .idata$2                DATA
 0002:00005e6c 00000014H .idata$3                DATA
 0002:00005e80 000008a0H .idata$4                DATA
 0002:00006720 000013a6H .idata$6                DATA
 0002:00007ad0 00000065H .edata                  DATA
 0003:00000000 00000544H .data                   DATA
 0003:00000550 00000d08H .bss                    DATA
 0004:00000000 00001494H .pdata                  DATA
 0005:00000000 00000ad8H .rsrc$01                DATA
 0005:00000ae0 00003f40H .rsrc$02                DATA

  Address         Publics by Value              Rva+Base               Lib:Object

 0000:00000000       ___safe_se_handler_count   0000000000000000     <absolute>
 0000:00000000       ___safe_se_handler_table   0000000000000000     <absolute>
 0000:00000000       __ImageBase                0000000180000000     <linker-defined>
 0001:00000000       ?_GetBaseClass@LineConfigDialog@config@assistent@guch@com@@KAPEAUCRuntimeClass@@XZ 0000000180001000 f   LineConfigDialog.obj
 0001:00000000       ?_GetBaseClass@AddLineDialog@@KAPEAUCRuntimeClass@@XZ 0000000180001000 f   AddLineDialog.obj
 0001:00000020       ?GetRuntimeClass@AddLineDialog@@UEBAPEAUCRuntimeClass@@XZ 0000000180001020 f   AddLineDialog.obj
 0001:00000030       ??0AddLineDialog@@QEAA@PEAVCWnd@@@Z 0000000180001030 f   AddLineDialog.obj
 0001:000000c0       ?BeginModalState@CWnd@@UEAAXXZ 00000001800010c0 f i AddLineDialog.obj
 0001:00000100       ?EndModalState@CWnd@@UEAAXXZ 0000000180001100 f i AddLineDialog.obj
 0001:00000140       ??0CListCtrl@@QEAA@XZ      0000000180001140 f i AddLineDialog.obj
 0001:00000190       ??_GCListCtrl@@UEAAPEAXI@Z 0000000180001190 f i AddLineDialog.obj
 0001:00000190       ??_ECListCtrl@@UEAAPEAXI@Z 0000000180001190 f i AddLineDialog.obj
 0001:000001e0       ??3CObject@@SAXPEAX@Z      00000001800011e0 f i AddLineDialog.obj
 0001:00000210       ??0CTreeCtrl@@QEAA@XZ      0000000180001210 f i AddLineDialog.obj
 0001:00000260       ??_GCTreeCtrl@@UEAAPEAXI@Z 0000000180001260 f i AddLineDialog.obj
 0001:00000260       ??_ECTreeCtrl@@UEAAPEAXI@Z 0000000180001260 f i AddLineDialog.obj
 0001:000002b0       ??_EAddLineDialog@@UEAAPEAXI@Z 00000001800012b0 f i AddLineDialog.obj
 0001:000002b0       ??_GAddLineDialog@@UEAAPEAXI@Z 00000001800012b0 f i AddLineDialog.obj
 0001:00000300       ?OnInitDialog@AddLineDialog@@MEAAHXZ 0000000180001300 f   AddLineDialog.obj
 0001:00000360       ?InitLineList@AddLineDialog@@IEAAHXZ 0000000180001360 f   AddLineDialog.obj
 0001:00000540       ?InsertItem@CTreeCtrl@@QEAAPEAU_TREEITEM@@PEB_WPEAU2@1@Z 0000000180001540 f i AddLineDialog.obj
 0001:000005c0       ?InitLineDetailHeader@AddLineDialog@@IEAAHXZ 00000001800015c0 f   AddLineDialog.obj
 0001:00000790       ?InsertColumn@CListCtrl@@QEAAHHPEBUtagLVCOLUMNW@@@Z 0000000180001790 f i AddLineDialog.obj
 0001:000007f0       ?SetExtendedStyle@CListCtrl@@QEAAKK@Z 00000001800017f0 f i AddLineDialog.obj
 0001:00000840       ?InitLineDetailData@AddLineDialog@@IEAAHXZ 0000000180001840 f   AddLineDialog.obj
 0001:000009e0       ?InsertItem@CListCtrl@@QEAAHPEBUtagLVITEMW@@@Z 00000001800019e0 f i AddLineDialog.obj
 0001:00000a30       ??1AddLineDialog@@UEAA@XZ  0000000180001a30 f   AddLineDialog.obj
 0001:00000aa0       ?DoDataExchange@AddLineDialog@@MEAAXPEAVCDataExchange@@@Z 0000000180001aa0 f   AddLineDialog.obj
 0001:00000b20       ?GetMessageMap@AddLineDialog@@MEBAPEBUAFX_MSGMAP@@XZ 0000000180001b20 f   AddLineDialog.obj
 0001:00000b50       ?GetThisMessageMap@AddLineDialog@@KAPEBUAFX_MSGMAP@@XZ 0000000180001b50 f   AddLineDialog.obj
 0001:00000b60       ?instance@CommandManager@@SAPEAV1@XZ 0000000180001b60 f   CommandManager.obj
 0001:00000be0       ?Release@CommandManager@@SAXXZ 0000000180001be0 f   CommandManager.obj
 0001:00000c50       ??_GCommandManager@@AEAAPEAXI@Z 0000000180001c50 f i CommandManager.obj
 0001:00000ca0       ??0CommandManager@@AEAA@XZ 0000000180001ca0 f   CommandManager.obj
 0001:00000dc0       ??1?$map@V?$basic_string@_WU?$char_traits@_W@std@@V?$allocator@_W@2@@std@@P6AXXZU?$less@V?$basic_string@_WU?$char_traits@_W@std@@V?$allocator@_W@2@@std@@@2@V?$allocator@U?$pair@$$CBV?$basic_string@_WU?$char_traits@_W@std@@V?$allocator@_W@2@@std@@P6AXXZ@std@@@2@@std@@QEAA@XZ 0000000180001dc0 f i CommandManager.obj
 0001:00000df0       ??1CommandManager@@AEAA@XZ 0000000180001df0 f   CommandManager.obj
 0001:00000e20       ?RegisterCommand@CommandManager@@QEBAXXZ 0000000180001e20 f   CommandManager.obj
 0001:00001010       ?cast@AcEdCommandStack@@SAPEAV1@PEBVAcRxObject@@@Z 0000000180002010 f i CommandManager.obj
 0001:00001070       ?isKindOf@AcRxObject@@QEBA_NPEBVAcRxClass@@@Z 0000000180002070 f i CommandManager.obj
 0001:000010e0       ??0CAcModuleResourceOverride@@QEAA@XZ 00000001800020e0 f i CommandManager.obj
 0001:00001140       ?size@?$_Tree@V?$_Tmap_traits@V?$basic_string@_WU?$char_traits@_W@std@@V?$allocator@_W@2@@std@@P6AXXZU?$less@V?$basic_string@_WU?$char_traits@_W@std@@V?$allocator@_W@2@@std@@@2@V?$allocator@U?$pair@$$CBV?$basic_string@_WU?$char_traits@_W@std@@V?$allocator@_W@2@@std@@P6AXXZ@std@@@2@$0A@@std@@@std@@QEBA_KXZ 0000000180002140 f i CommandManager.obj
 0001:00001140       ?ModuleResourceInstance@CAcExtensionModule@@QEAAPEAUHINSTANCE__@@XZ 0000000180002140 f i CommandManager.obj
 0001:00001140       ?workingDatabase@AcDbHostApplicationServices@@QEBAPEAVAcDbDatabase@@XZ 0000000180002140 f i AsdkAcUiDialogSample.obj
 0001:00001140       ?size@?$basic_string@DU?$char_traits@D@std@@V?$allocator@D@2@@std@@QEBA_KXZ 0000000180002140 f i LineConfigDataManager.obj
 0001:00001140       ?size@?$basic_string@_WU?$char_traits@_W@std@@V?$allocator@_W@2@@std@@QEBA_KXZ 0000000180002140 f i CommandManager.obj
 0001:00001160       ??1CAcModuleResourceOverride@@QEAA@XZ 0000000180002160 f i CommandManager.obj
 0001:000011b0       ?UnRegisterCommand@CommandManager@@QEBAXXZ 00000001800021b0 f   CommandManager.obj
 0001:00001230       ?ShowConfigDialog@CommandManager@@SAXXZ 0000000180002230 f   CommandManager.obj
 0001:000012d0       ?ShowAddLineDialog@CommandManager@@SAXXZ 00000001800022d0 f   CommandManager.obj
 0001:00001350       ?PostToModelSpace@@YA?AVAcDbObjectId@@PEAVAcDbEntity@@@Z 0000000180002350 f   CommandManager.obj
 0001:00001430       ??0?$_Tree_unchecked_const_iterator@V?$_Tree_val@V?$_Tmap_traits@V?$basic_string@_WU?$char_traits@_W@std@@V?$allocator@_W@2@@std@@P6AXXZU?$less@V?$basic_string@_WU?$char_traits@_W@std@@V?$allocator@_W@2@@std@@@2@V?$allocator@U?$pair@$$CBV?$basic_string@_WU?$char_traits@_W@std@@V?$allocator@_W@2@@std@@P6AXXZ@std@@@2@$0A@@std@@@std@@U_Iterator_base0@2@@std@@QEAA@XZ 0000000180002430 f i CommandManager.obj
 0001:00001430       ??0AcDbObjectId@@QEAA@XZ   0000000180002430 f i CommandManager.obj
 0001:00001450       ?getBlockTable@AcDbDatabase@@QEAA?AW4ErrorStatus@Acad@@AEAPEAVAcDbBlockTable@@W4OpenMode@AcDb@@@Z 0000000180002450 f i CommandManager.obj
 0001:000014a0       ?moveToBottom@@YAXPEAVAcDbEntity@@@Z 00000001800024a0 f   CommandManager.obj
 0001:00001560       ?drawCylinder@@YAXXZ       0000000180002560 f   CommandManager.obj
 0001:00001700       ??2AcHeapOperators@@SAPEAX_K@Z 0000000180002700 f i CommandManager.obj
 0001:00001740       ??3AcHeapOperators@@SAXPEAX@Z 0000000180002740 f i CommandManager.obj
 0001:00001780       ?GenerateCut@CommandManager@@SAXXZ 0000000180002780 f   CommandManager.obj
 0001:000017a0       ??0?$basic_string@_WU?$char_traits@_W@std@@V?$allocator@_W@2@@std@@QEAA@PEB_W@Z 00000001800027a0 f i CommandManager.obj
 0001:00001820       ??1?$basic_string@_WU?$char_traits@_W@std@@V?$allocator@_W@2@@std@@QEAA@XZ 0000000180002820 f i CommandManager.obj
 0001:00001870       ?c_str@?$basic_string@_WU?$char_traits@_W@std@@V?$allocator@_W@2@@std@@QEBAPEB_WXZ 0000000180002870 f i CommandManager.obj
 0001:000018a0       ??0?$map@V?$basic_string@_WU?$char_traits@_W@std@@V?$allocator@_W@2@@std@@P6AXXZU?$less@V?$basic_string@_WU?$char_traits@_W@std@@V?$allocator@_W@2@@std@@@2@V?$allocator@U?$pair@$$CBV?$basic_string@_WU?$char_traits@_W@std@@V?$allocator@_W@2@@std@@P6AXXZ@std@@@2@@std@@QEAA@XZ 00000001800028a0 f i CommandManager.obj
 0001:000018f0       ??A?$map@V?$basic_string@_WU?$char_traits@_W@std@@V?$allocator@_W@2@@std@@P6AXXZU?$less@V?$basic_string@_WU?$char_traits@_W@std@@V?$allocator@_W@2@@std@@@2@V?$allocator@U?$pair@$$CBV?$basic_string@_WU?$char_traits@_W@std@@V?$allocator@_W@2@@std@@P6AXXZ@std@@@2@@std@@QEAAAEAP6AXXZAEBV?$basic_string@_WU?$char_traits@_W@std@@V?$allocator@_W@2@@1@@Z 00000001800028f0 f i CommandManager.obj
 0001:00001a60       ??1?$_Tree@V?$_Tmap_traits@V?$basic_string@_WU?$char_traits@_W@std@@V?$allocator@_W@2@@std@@P6AXXZU?$less@V?$basic_string@_WU?$char_traits@_W@std@@V?$allocator@_W@2@@std@@@2@V?$allocator@U?$pair@$$CBV?$basic_string@_WU?$char_traits@_W@std@@V?$allocator@_W@2@@std@@P6AXXZ@std@@@2@$0A@@std@@@std@@QEAA@XZ 0000000180002a60 f i CommandManager.obj
 0001:00001ab0       ?begin@?$_Tree@V?$_Tmap_traits@V?$basic_string@_WU?$char_traits@_W@std@@V?$allocator@_W@2@@std@@P6AXXZU?$less@V?$basic_string@_WU?$char_traits@_W@std@@V?$allocator@_W@2@@std@@@2@V?$allocator@U?$pair@$$CBV?$basic_string@_WU?$char_traits@_W@std@@V?$allocator@_W@2@@std@@P6AXXZ@std@@@2@$0A@@std@@@std@@QEBA?AV?$_Tree_const_iterator@V?$_Tree_val@V?$_Tmap_traits@V?$basic_string@_WU?$char_traits@_W@std@@V?$allocator@_W@2@@std@@P6AXXZU?$less@V?$basic_string@_WU?$char_traits@_W@std@@V?$allocator@_W@2@@std@@@2@V?$allocator@U?$pair@$$CBV?$basic_string@_WU?$char_traits@_W@std@@V?$allocator@_W@2@@std@@P6AXXZ@std@@@2@$0A@@std@@@std@@@2@XZ 0000000180002ab0 f i CommandManager.obj
 0001:00001b00       ??E?$_Tree_const_iterator@V?$_Tree_val@V?$_Tmap_traits@V?$basic_string@_WU?$char_traits@_W@std@@V?$allocator@_W@2@@std@@P6AXXZU?$less@V?$basic_string@_WU?$char_traits@_W@std@@V?$allocator@_W@2@@std@@@2@V?$allocator@U?$pair@$$CBV?$basic_string@_WU?$char_traits@_W@std@@V?$allocator@_W@2@@std@@P6AXXZ@std@@@2@$0A@@std@@@std@@@std@@QEAA?AV01@H@Z 0000000180002b00 f i CommandManager.obj
 0001:00001b70       ??9?$_Tree_const_iterator@V?$_Tree_val@V?$_Tmap_traits@V?$basic_string@_WU?$char_traits@_W@std@@V?$allocator@_W@2@@std@@P6AXXZU?$less@V?$basic_string@_WU?$char_traits@_W@std@@V?$allocator@_W@2@@std@@@2@V?$allocator@U?$pair@$$CBV?$basic_string@_WU?$char_traits@_W@std@@V?$allocator@_W@2@@std@@P6AXXZ@std@@@2@$0A@@std@@@std@@@std@@QEBA_NAEBV01@@Z 0000000180002b70 f i CommandManager.obj
 0001:00001bd0       ??C?$_Tree_unchecked_const_iterator@V?$_Tree_val@V?$_Tmap_traits@V?$basic_string@_WU?$char_traits@_W@std@@V?$allocator@_W@2@@std@@P6AXXZU?$less@V?$basic_string@_WU?$char_traits@_W@std@@V?$allocator@_W@2@@std@@@2@V?$allocator@U?$pair@$$CBV?$basic_string@_WU?$char_traits@_W@std@@V?$allocator@_W@2@@std@@P6AXXZ@std@@@2@$0A@@std@@@std@@U_Iterator_base0@2@@std@@QEBAPEBU?$pair@$$CBV?$basic_string@_WU?$char_traits@_W@std@@V?$allocator@_W@2@@std@@P6AXXZ@1@XZ 0000000180002bd0 f i CommandManager.obj
 0001:00001bd0       ??D?$_Tree_iterator@V?$_Tree_val@V?$_Tmap_traits@V?$basic_string@_WU?$char_traits@_W@std@@V?$allocator@_W@2@@std@@P6AXXZU?$less@V?$basic_string@_WU?$char_traits@_W@std@@V?$allocator@_W@2@@std@@@2@V?$allocator@U?$pair@$$CBV?$basic_string@_WU?$char_traits@_W@std@@V?$allocator@_W@2@@std@@P6AXXZ@std@@@2@$0A@@std@@@std@@@std@@QEBAAEAU?$pair@$$CBV?$basic_string@_WU?$char_traits@_W@std@@V?$allocator@_W@2@@std@@P6AXXZ@1@XZ 0000000180002bd0 f i CommandManager.obj
 0001:00001c00       ??1?$pair@$$CBV?$basic_string@_WU?$char_traits@_W@std@@V?$allocator@_W@2@@std@@P6AXXZ@std@@QEAA@XZ 0000000180002c00 f i CommandManager.obj
 0001:00001c30       ??1?$_Pair_base@$$CBV?$basic_string@_WU?$char_traits@_W@std@@V?$allocator@_W@2@@std@@P6AXXZ@std@@QEAA@XZ 0000000180002c30 f i CommandManager.obj
 0001:00001c60       ?assign@?$basic_string@_WU?$char_traits@_W@std@@V?$allocator@_W@2@@std@@QEAAAEAV12@PEB_W@Z 0000000180002c60 f i CommandManager.obj
 0001:00001cb0       ?length@?$char_traits@_W@std@@SA_KPEB_W@Z 0000000180002cb0 f i CommandManager.obj
 0001:00001ce0       ?_Tidy@?$basic_string@_WU?$char_traits@_W@std@@V?$allocator@_W@2@@std@@QEAAX_N_K@Z 0000000180002ce0 f i CommandManager.obj
 0001:00001d90       ?copy@?$char_traits@_W@std@@SAPEA_WPEA_WPEB_W_K@Z 0000000180002d90 f i CommandManager.obj
 0001:00001de0       wmemcpy                    0000000180002de0 f i CommandManager.obj
 0001:00001e30       ?_Myptr@?$basic_string@_WU?$char_traits@_W@std@@V?$allocator@_W@2@@std@@QEAAPEA_WXZ 0000000180002e30 f i CommandManager.obj
 0001:00001e30       ?_Myptr@?$basic_string@_WU?$char_traits@_W@std@@V?$allocator@_W@2@@std@@QEBAPEB_WXZ 0000000180002e30 f i CommandManager.obj
 0001:00001e80       ??0?$allocator@U?$pair@$$CBV?$basic_string@_WU?$char_traits@_W@std@@V?$allocator@_W@2@@std@@P6AXXZ@std@@@std@@QEAA@AEBV01@@Z 0000000180002e80 f i CommandManager.obj
 0001:00001e80       ??0?$allocator@D@std@@QEAA@AEBV01@@Z 0000000180002e80 f i LineConfigDataManager.obj
 0001:00001e80       ??0?$allocator@_W@std@@QEAA@AEBV01@@Z 0000000180002e80 f i CommandManager.obj
 0001:00001e80       ??$?0U?$pair@$$CBV?$basic_string@_WU?$char_traits@_W@std@@V?$allocator@_W@2@@std@@P6AXXZ@std@@@?$allocator@U_Node@?$_Tree_nod@V?$_Tmap_traits@V?$basic_string@_WU?$char_traits@_W@std@@V?$allocator@_W@2@@std@@P6AXXZU?$less@V?$basic_string@_WU?$char_traits@_W@std@@V?$allocator@_W@2@@std@@@2@V?$allocator@U?$pair@$$CBV?$basic_string@_WU?$char_traits@_W@std@@V?$allocator@_W@2@@std@@P6AXXZ@std@@@2@$0A@@std@@@std@@@std@@QEAA@AEBV?$allocator@U?$pair@$$CBV?$basic_string@_WU?$char_traits@_W@std@@V?$allocator@_W@2@@std@@P6AXXZ@std@@@1@@Z 0000000180002e80 f i CommandManager.obj
 0001:00001e80       ??0?$allocator@PEAULineCategoryItemData@config@assistent@guch@com@@@std@@QEAA@AEBV01@@Z 0000000180002e80 f i LineConfigDataManager.obj
 0001:00001ea0       ??0?$_Tree@V?$_Tmap_traits@V?$basic_string@_WU?$char_traits@_W@std@@V?$allocator@_W@2@@std@@P6AXXZU?$less@V?$basic_string@_WU?$char_traits@_W@std@@V?$allocator@_W@2@@std@@@2@V?$allocator@U?$pair@$$CBV?$basic_string@_WU?$char_traits@_W@std@@V?$allocator@_W@2@@std@@P6AXXZ@std@@@2@$0A@@std@@@std@@QEAA@AEBU?$less@V?$basic_string@_WU?$char_traits@_W@std@@V?$allocator@_W@2@@std@@@1@AEBV?$allocator@U?$pair@$$CBV?$basic_string@_WU?$char_traits@_W@std@@V?$allocator@_W@2@@std@@P6AXXZ@std@@@1@@Z 0000000180002ea0 f i CommandManager.obj
 0001:00001f00       ?end@?$_Tree@V?$_Tmap_traits@V?$basic_string@_WU?$char_traits@_W@std@@V?$allocator@_W@2@@std@@P6AXXZU?$less@V?$basic_string@_WU?$char_traits@_W@std@@V?$allocator@_W@2@@std@@@2@V?$allocator@U?$pair@$$CBV?$basic_string@_WU?$char_traits@_W@std@@V?$allocator@_W@2@@std@@P6AXXZ@std@@@2@$0A@@std@@@std@@QEAA?AV?$_Tree_iterator@V?$_Tree_val@V?$_Tmap_traits@V?$basic_string@_WU?$char_traits@_W@std@@V?$allocator@_W@2@@std@@P6AXXZU?$less@V?$basic_string@_WU?$char_traits@_W@std@@V?$allocator@_W@2@@std@@@2@V?$allocator@U?$pair@$$CBV?$basic_string@_WU?$char_traits@_W@std@@V?$allocator@_W@2@@std@@P6AXXZ@std@@@2@$0A@@std@@@std@@@2@XZ 0000000180002f00 f i CommandManager.obj
 0001:00001f50       ?lower_bound@?$_Tree@V?$_Tmap_traits@V?$basic_string@_WU?$char_traits@_W@std@@V?$allocator@_W@2@@std@@P6AXXZU?$less@V?$basic_string@_WU?$char_traits@_W@std@@V?$allocator@_W@2@@std@@@2@V?$allocator@U?$pair@$$CBV?$basic_string@_WU?$char_traits@_W@std@@V?$allocator@_W@2@@std@@P6AXXZ@std@@@2@$0A@@std@@@std@@QEAA?AV?$_Tree_iterator@V?$_Tree_val@V?$_Tmap_traits@V?$basic_string@_WU?$char_traits@_W@std@@V?$allocator@_W@2@@std@@P6AXXZU?$less@V?$basic_string@_WU?$char_traits@_W@std@@V?$allocator@_W@2@@std@@@2@V?$allocator@U?$pair@$$CBV?$basic_string@_WU?$char_traits@_W@std@@V?$allocator@_W@2@@std@@P6AXXZ@std@@@2@$0A@@std@@@std@@@2@AEBV?$basic_string@_WU?$char_traits@_W@std@@V?$allocator@_W@2@@2@@Z 0000000180002f50 f i CommandManager.obj
 0001:00001fb0       ?_Lmost@?$_Tree@V?$_Tmap_traits@V?$basic_string@_WU?$char_traits@_W@std@@V?$allocator@_W@2@@std@@P6AXXZU?$less@V?$basic_string@_WU?$char_traits@_W@std@@V?$allocator@_W@2@@std@@@2@V?$allocator@U?$pair@$$CBV?$basic_string@_WU?$char_traits@_W@std@@V?$allocator@_W@2@@std@@P6AXXZ@std@@@2@$0A@@std@@@std@@IEBAAEAPEAU_Node@?$_Tree_nod@V?$_Tmap_traits@V?$basic_string@_WU?$char_traits@_W@std@@V?$allocator@_W@2@@std@@P6AXXZU?$less@V?$basic_string@_WU?$char_traits@_W@std@@V?$allocator@_W@2@@std@@@2@V?$allocator@U?$pair@$$CBV?$basic_string@_WU?$char_traits@_W@std@@V?$allocator@_W@2@@std@@P6AXXZ@std@@@2@$0A@@std@@@2@XZ 0000000180002fb0 f i CommandManager.obj
 0001:00001ff0       ?_Tidy@?$_Tree@V?$_Tmap_traits@V?$basic_string@_WU?$char_traits@_W@std@@V?$allocator@_W@2@@std@@P6AXXZU?$less@V?$basic_string@_WU?$char_traits@_W@std@@V?$allocator@_W@2@@std@@@2@V?$allocator@U?$pair@$$CBV?$basic_string@_WU?$char_traits@_W@std@@V?$allocator@_W@2@@std@@P6AXXZ@std@@@2@$0A@@std@@@std@@IEAAXXZ 0000000180002ff0 f i CommandManager.obj
 0001:00002060       ??1?$_Tree_val@V?$_Tmap_traits@V?$basic_string@_WU?$char_traits@_W@std@@V?$allocator@_W@2@@std@@P6AXXZU?$less@V?$basic_string@_WU?$char_traits@_W@std@@V?$allocator@_W@2@@std@@@2@V?$allocator@U?$pair@$$CBV?$basic_string@_WU?$char_traits@_W@std@@V?$allocator@_W@2@@std@@P6AXXZ@std@@@2@$0A@@std@@@std@@QEAA@XZ 0000000180003060 f i CommandManager.obj
 0001:000020b0       ?_Key@?$_Tree_val@V?$_Tmap_traits@V?$basic_string@_WU?$char_traits@_W@std@@V?$allocator@_W@2@@std@@P6AXXZU?$less@V?$basic_string@_WU?$char_traits@_W@std@@V?$allocator@_W@2@@std@@@2@V?$allocator@U?$pair@$$CBV?$basic_string@_WU?$char_traits@_W@std@@V?$allocator@_W@2@@std@@P6AXXZ@std@@@2@$0A@@std@@@std@@SAAEAV?$basic_string@_WU?$char_traits@_W@std@@V?$allocator@_W@2@@2@PEAU_Node@?$_Tree_nod@V?$_Tmap_traits@V?$basic_string@_WU?$char_traits@_W@std@@V?$allocator@_W@2@@std@@P6AXXZU?$less@V?$basic_string@_WU?$char_traits@_W@std@@V?$allocator@_W@2@@std@@@2@V?$allocator@U?$pair@$$CBV?$basic_string@_WU?$char_traits@_W@std@@V?$allocator@_W@2@@std@@P6AXXZ@std@@@2@$0A@@std@@@2@@Z 00000001800030b0 f i CommandManager.obj
 0001:000020f0       ??R?$less@V?$basic_string@_WU?$char_traits@_W@std@@V?$allocator@_W@2@@std@@@std@@QEBA_NAEBV?$basic_string@_WU?$char_traits@_W@std@@V?$allocator@_W@2@@1@0@Z 00000001800030f0 f i CommandManager.obj
 0001:00002130       ??E?$_Tree_const_iterator@V?$_Tree_val@V?$_Tmap_traits@V?$basic_string@_WU?$char_traits@_W@std@@V?$allocator@_W@2@@std@@P6AXXZU?$less@V?$basic_string@_WU?$char_traits@_W@std@@V?$allocator@_W@2@@std@@@2@V?$allocator@U?$pair@$$CBV?$basic_string@_WU?$char_traits@_W@std@@V?$allocator@_W@2@@std@@P6AXXZ@std@@@2@$0A@@std@@@std@@@std@@QEAAAEAV01@XZ 0000000180003130 f i CommandManager.obj
 0001:00002170       ??8?$_Tree_const_iterator@V?$_Tree_val@V?$_Tmap_traits@V?$basic_string@_WU?$char_traits@_W@std@@V?$allocator@_W@2@@std@@P6AXXZU?$less@V?$basic_string@_WU?$char_traits@_W@std@@V?$allocator@_W@2@@std@@@2@V?$allocator@U?$pair@$$CBV?$basic_string@_WU?$char_traits@_W@std@@V?$allocator@_W@2@@std@@P6AXXZ@std@@@2@$0A@@std@@@std@@@std@@QEBA_NAEBV01@@Z 0000000180003170 f i CommandManager.obj
 0001:000021d0       ??D?$_Tree_unchecked_const_iterator@V?$_Tree_val@V?$_Tmap_traits@V?$basic_string@_WU?$char_traits@_W@std@@V?$allocator@_W@2@@std@@P6AXXZU?$less@V?$basic_string@_WU?$char_traits@_W@std@@V?$allocator@_W@2@@std@@@2@V?$allocator@U?$pair@$$CBV?$basic_string@_WU?$char_traits@_W@std@@V?$allocator@_W@2@@std@@P6AXXZ@std@@@2@$0A@@std@@@std@@U_Iterator_base0@2@@std@@QEBAAEBU?$pair@$$CBV?$basic_string@_WU?$char_traits@_W@std@@V?$allocator@_W@2@@std@@P6AXXZ@1@XZ 00000001800031d0 f i CommandManager.obj
 0001:000021d0       ??D?$_Tree_const_iterator@V?$_Tree_val@V?$_Tmap_traits@V?$basic_string@_WU?$char_traits@_W@std@@V?$allocator@_W@2@@std@@P6AXXZU?$less@V?$basic_string@_WU?$char_traits@_W@std@@V?$allocator@_W@2@@std@@@2@V?$allocator@U?$pair@$$CBV?$basic_string@_WU?$char_traits@_W@std@@V?$allocator@_W@2@@std@@P6AXXZ@std@@@2@$0A@@std@@@std@@@std@@QEBAAEBU?$pair@$$CBV?$basic_string@_WU?$char_traits@_W@std@@V?$allocator@_W@2@@std@@P6AXXZ@1@XZ 00000001800031d0 f i CommandManager.obj
 0001:00002210       ??0?$pair@$$CBV?$basic_string@_WU?$char_traits@_W@std@@V?$allocator@_W@2@@std@@P6AXXZ@std@@QEAA@AEBV?$basic_string@_WU?$char_traits@_W@std@@V?$allocator@_W@2@@1@$$QEAP6AXXZ@Z 0000000180003210 f i CommandManager.obj
 0001:00002260       ?assign@?$basic_string@_WU?$char_traits@_W@std@@V?$allocator@_W@2@@std@@QEAAAEAV12@PEB_W_K@Z 0000000180003260 f i CommandManager.obj
 0001:00002320       ?assign@?$basic_string@_WU?$char_traits@_W@std@@V?$allocator@_W@2@@std@@QEAAAEAV12@AEBV12@_K1@Z 0000000180003320 f i CommandManager.obj
 0001:00002440       ?erase@?$basic_string@_WU?$char_traits@_W@std@@V?$allocator@_W@2@@std@@QEAAAEAV12@_K0@Z 0000000180003440 f i CommandManager.obj
 0001:00002560       ?move@?$char_traits@_W@std@@SAPEA_WPEA_WPEB_W_K@Z 0000000180003560 f i CommandManager.obj
 0001:000025b0       wmemmove                   00000001800035b0 f i CommandManager.obj
 0001:00002600       ?_Eos@?$basic_string@_WU?$char_traits@_W@std@@V?$allocator@_W@2@@std@@QEAAX_K@Z 0000000180003600 f i CommandManager.obj
 0001:00002660       ?assign@?$char_traits@_W@std@@SAXAEA_WAEB_W@Z 0000000180003660 f i CommandManager.obj
 0001:00002680       ?_Grow@?$basic_string@_WU?$char_traits@_W@std@@V?$allocator@_W@2@@std@@QEAA_N_K_N@Z 0000000180003680 f i CommandManager.obj
 0001:00002780       ?_Xran@?$basic_string@DU?$char_traits@D@std@@V?$allocator@D@2@@std@@QEBAXXZ 0000000180003780 f i LineConfigDataManager.obj
 0001:00002780       ?_Xran@?$basic_string@_WU?$char_traits@_W@std@@V?$allocator@_W@2@@std@@QEBAXXZ 0000000180003780 f i CommandManager.obj
 0001:000027c0       ?deallocate@?$allocator@D@std@@QEAAXPEAD_K@Z 00000001800037c0 f i LineConfigDataManager.obj
 0001:000027c0       ?deallocate@?$allocator@_W@std@@QEAAXPEA_W_K@Z 00000001800037c0 f i CommandManager.obj
 0001:000027c0       ?deallocate@?$allocator@U_Node@?$_Tree_nod@V?$_Tmap_traits@V?$basic_string@_WU?$char_traits@_W@std@@V?$allocator@_W@2@@std@@P6AXXZU?$less@V?$basic_string@_WU?$char_traits@_W@std@@V?$allocator@_W@2@@std@@@2@V?$allocator@U?$pair@$$CBV?$basic_string@_WU?$char_traits@_W@std@@V?$allocator@_W@2@@std@@P6AXXZ@std@@@2@$0A@@std@@@std@@@std@@QEAAXPEAU_Node@?$_Tree_nod@V?$_Tmap_traits@V?$basic_string@_WU?$char_traits@_W@std@@V?$allocator@_W@2@@std@@P6AXXZU?$less@V?$basic_string@_WU?$char_traits@_W@std@@V?$allocator@_W@2@@std@@@2@V?$allocator@U?$pair@$$CBV?$basic_string@_WU?$char_traits@_W@std@@V?$allocator@_W@2@@std@@P6AXXZ@std@@@2@$0A@@std@@@2@_K@Z 00000001800037c0 f i CommandManager.obj
 0001:000027c0       ?deallocate@?$allocator@PEAULineCategoryItemData@config@assistent@guch@com@@@std@@QEAAXPEAPEAULineCategoryItemData@config@assistent@guch@com@@_K@Z 00000001800037c0 f i LineConfigDataManager.obj
 0001:00002800       ?begin@?$_Tree@V?$_Tmap_traits@V?$basic_string@_WU?$char_traits@_W@std@@V?$allocator@_W@2@@std@@P6AXXZU?$less@V?$basic_string@_WU?$char_traits@_W@std@@V?$allocator@_W@2@@std@@@2@V?$allocator@U?$pair@$$CBV?$basic_string@_WU?$char_traits@_W@std@@V?$allocator@_W@2@@std@@P6AXXZ@std@@@2@$0A@@std@@@std@@QEAA?AV?$_Tree_iterator@V?$_Tree_val@V?$_Tmap_traits@V?$basic_string@_WU?$char_traits@_W@std@@V?$allocator@_W@2@@std@@P6AXXZU?$less@V?$basic_string@_WU?$char_traits@_W@std@@V?$allocator@_W@2@@std@@@2@V?$allocator@U?$pair@$$CBV?$basic_string@_WU?$char_traits@_W@std@@V?$allocator@_W@2@@std@@P6AXXZ@std@@@2@$0A@@std@@@std@@@2@XZ 0000000180003800 f i CommandManager.obj
 0001:00002850       ?erase@?$_Tree@V?$_Tmap_traits@V?$basic_string@_WU?$char_traits@_W@std@@V?$allocator@_W@2@@std@@P6AXXZU?$less@V?$basic_string@_WU?$char_traits@_W@std@@V?$allocator@_W@2@@std@@@2@V?$allocator@U?$pair@$$CBV?$basic_string@_WU?$char_traits@_W@std@@V?$allocator@_W@2@@std@@P6AXXZ@std@@@2@$0A@@std@@@std@@QEAA?AV?$_Tree_iterator@V?$_Tree_val@V?$_Tmap_traits@V?$basic_string@_WU?$char_traits@_W@std@@V?$allocator@_W@2@@std@@P6AXXZU?$less@V?$basic_string@_WU?$char_traits@_W@std@@V?$allocator@_W@2@@std@@@2@V?$allocator@U?$pair@$$CBV?$basic_string@_WU?$char_traits@_W@std@@V?$allocator@_W@2@@std@@P6AXXZ@std@@@2@$0A@@std@@@std@@@2@V?$_Tree_const_iterator@V?$_Tree_val@V?$_Tmap_traits@V?$basic_string@_WU?$char_traits@_W@std@@V?$allocator@_W@2@@std@@P6AXXZU?$less@V?$basic_string@_WU?$char_traits@_W@std@@V?$allocator@_W@2@@std@@@2@V?$allocator@U?$pair@$$CBV?$basic_string@_WU?$char_traits@_W@std@@V?$allocator@_W@2@@std@@P6AXXZ@std@@@2@$0A@@std@@@std@@@2@0@Z 0000000180003850 f i CommandManager.obj
 0001:00002940       ?_Lbound@?$_Tree@V?$_Tmap_traits@V?$basic_string@_WU?$char_traits@_W@std@@V?$allocator@_W@2@@std@@P6AXXZU?$less@V?$basic_string@_WU?$char_traits@_W@std@@V?$allocator@_W@2@@std@@@2@V?$allocator@U?$pair@$$CBV?$basic_string@_WU?$char_traits@_W@std@@V?$allocator@_W@2@@std@@P6AXXZ@std@@@2@$0A@@std@@@std@@IEAAPEAU_Node@?$_Tree_nod@V?$_Tmap_traits@V?$basic_string@_WU?$char_traits@_W@std@@V?$allocator@_W@2@@std@@P6AXXZU?$less@V?$basic_string@_WU?$char_traits@_W@std@@V?$allocator@_W@2@@std@@@2@V?$allocator@U?$pair@$$CBV?$basic_string@_WU?$char_traits@_W@std@@V?$allocator@_W@2@@std@@P6AXXZ@std@@@2@$0A@@std@@@2@AEBV?$basic_string@_WU?$char_traits@_W@std@@V?$allocator@_W@2@@2@@Z 0000000180003940 f i CommandManager.obj
 0001:00002a00       ??0?$_Tree_val@V?$_Tmap_traits@V?$basic_string@_WU?$char_traits@_W@std@@V?$allocator@_W@2@@std@@P6AXXZU?$less@V?$basic_string@_WU?$char_traits@_W@std@@V?$allocator@_W@2@@std@@@2@V?$allocator@U?$pair@$$CBV?$basic_string@_WU?$char_traits@_W@std@@V?$allocator@_W@2@@std@@P6AXXZ@std@@@2@$0A@@std@@@std@@QEAA@AEBU?$less@V?$basic_string@_WU?$char_traits@_W@std@@V?$allocator@_W@2@@std@@@1@V?$allocator@U?$pair@$$CBV?$basic_string@_WU?$char_traits@_W@std@@V?$allocator@_W@2@@std@@P6AXXZ@std@@@1@@Z 0000000180003a00 f i CommandManager.obj
 0001:00002b00       ?_Myval@?$_Tree_val@V?$_Tmap_traits@V?$basic_string@_WU?$char_traits@_W@std@@V?$allocator@_W@2@@std@@P6AXXZU?$less@V?$basic_string@_WU?$char_traits@_W@std@@V?$allocator@_W@2@@std@@@2@V?$allocator@U?$pair@$$CBV?$basic_string@_WU?$char_traits@_W@std@@V?$allocator@_W@2@@std@@P6AXXZ@std@@@2@$0A@@std@@@std@@SAAEAU?$pair@$$CBV?$basic_string@_WU?$char_traits@_W@std@@V?$allocator@_W@2@@std@@P6AXXZ@2@PEAU_Node@?$_Tree_nod@V?$_Tmap_traits@V?$basic_string@_WU?$char_traits@_W@std@@V?$allocator@_W@2@@std@@P6AXXZU?$less@V?$basic_string@_WU?$char_traits@_W@std@@V?$allocator@_W@2@@std@@@2@V?$allocator@U?$pair@$$CBV?$basic_string@_WU?$char_traits@_W@std@@V?$allocator@_W@2@@std@@P6AXXZ@std@@@2@$0A@@std@@@2@@Z 0000000180003b00 f i CommandManager.obj
 0001:00002b20       ?_Adopt@_Iterator_base0@std@@QEAAXPEBX@Z 0000000180003b20 f i CommandManager.obj
 0001:00002b20       ?Dump@CObject@@UEBAXAEAVCDumpContext@@@Z 0000000180003b20 f i AddLineDialog.obj
 0001:00002b20       ?_Compat@?$_Vector_const_iterator@V?$_Vector_val@PEAULineCategoryItemData@config@assistent@guch@com@@V?$allocator@PEAULineCategoryItemData@config@assistent@guch@com@@@std@@@std@@@std@@QEBAXAEBV12@@Z 0000000180003b20 f i LineConfigDialog.obj
 0001:00002b20       ?Serialize@CObject@@UEAAXAEAVCArchive@@@Z 0000000180003b20 f i AddLineDialog.obj
 0001:00002b20       ??3@YAXPEAX0@Z             0000000180003b20 f i CommandManager.obj
 0001:00002b20       ?DoDataExchange@CWnd@@MEAAXPEAVCDataExchange@@@Z 0000000180003b20 f i AddLineDialog.obj
 0001:00002b30       ??E?$_Tree_unchecked_const_iterator@V?$_Tree_val@V?$_Tmap_traits@V?$basic_string@_WU?$char_traits@_W@std@@V?$allocator@_W@2@@std@@P6AXXZU?$less@V?$basic_string@_WU?$char_traits@_W@std@@V?$allocator@_W@2@@std@@@2@V?$allocator@U?$pair@$$CBV?$basic_string@_WU?$char_traits@_W@std@@V?$allocator@_W@2@@std@@P6AXXZ@std@@@2@$0A@@std@@@std@@U_Iterator_base0@2@@std@@QEAAAEAV01@XZ 0000000180003b30 f i CommandManager.obj
 0001:00002c10       ??0?$_Pair_base@$$CBV?$basic_string@_WU?$char_traits@_W@std@@V?$allocator@_W@2@@std@@P6AXXZ@std@@QEAA@AEBV?$basic_string@_WU?$char_traits@_W@std@@V?$allocator@_W@2@@1@$$QEAP6AXXZ@Z 0000000180003c10 f i CommandManager.obj
 0001:00002c80       ??0?$basic_string@_WU?$char_traits@_W@std@@V?$allocator@_W@2@@std@@QEAA@AEBV01@@Z 0000000180003c80 f i CommandManager.obj
 0001:00002d10       ??0?$_Tree_iterator@V?$_Tree_val@V?$_Tmap_traits@V?$basic_string@_WU?$char_traits@_W@std@@V?$allocator@_W@2@@std@@P6AXXZU?$less@V?$basic_string@_WU?$char_traits@_W@std@@V?$allocator@_W@2@@std@@@2@V?$allocator@U?$pair@$$CBV?$basic_string@_WU?$char_traits@_W@std@@V?$allocator@_W@2@@std@@P6AXXZ@std@@@2@$0A@@std@@@std@@@std@@QEAA@PEAU_Node@?$_Tree_nod@V?$_Tmap_traits@V?$basic_string@_WU?$char_traits@_W@std@@V?$allocator@_W@2@@std@@P6AXXZU?$less@V?$basic_string@_WU?$char_traits@_W@std@@V?$allocator@_W@2@@std@@@2@V?$allocator@U?$pair@$$CBV?$basic_string@_WU?$char_traits@_W@std@@V?$allocator@_W@2@@std@@P6AXXZ@std@@@2@$0A@@std@@@1@PEBV?$_Tree_val@V?$_Tmap_traits@V?$basic_string@_WU?$char_traits@_W@std@@V?$allocator@_W@2@@std@@P6AXXZU?$less@V?$basic_string@_WU?$char_traits@_W@std@@V?$allocator@_W@2@@std@@@2@V?$allocator@U?$pair@$$CBV?$basic_string@_WU?$char_traits@_W@std@@V?$allocator@_W@2@@std@@P6AXXZ@std@@@2@$0A@@std@@@1@@Z 0000000180003d10 f i CommandManager.obj
 0001:00002d60       ?max_size@?$basic_string@_WU?$char_traits@_W@std@@V?$allocator@_W@2@@std@@QEBA_KXZ 0000000180003d60 f i CommandManager.obj
 0001:00002dc0       ?_Copy@?$basic_string@_WU?$char_traits@_W@std@@V?$allocator@_W@2@@std@@QEAAX_K0@Z 0000000180003dc0 f i CommandManager.obj
 0001:00002f50       ?_Inside@?$basic_string@_WU?$char_traits@_W@std@@V?$allocator@_W@2@@std@@QEAA_NPEB_W@Z 0000000180003f50 f i CommandManager.obj
 0001:00002fc0       ?erase@?$_Tree@V?$_Tmap_traits@V?$basic_string@_WU?$char_traits@_W@std@@V?$allocator@_W@2@@std@@P6AXXZU?$less@V?$basic_string@_WU?$char_traits@_W@std@@V?$allocator@_W@2@@std@@@2@V?$allocator@U?$pair@$$CBV?$basic_string@_WU?$char_traits@_W@std@@V?$allocator@_W@2@@std@@P6AXXZ@std@@@2@$0A@@std@@@std@@QEAA?AV?$_Tree_iterator@V?$_Tree_val@V?$_Tmap_traits@V?$basic_string@_WU?$char_traits@_W@std@@V?$allocator@_W@2@@std@@P6AXXZU?$less@V?$basic_string@_WU?$char_traits@_W@std@@V?$allocator@_W@2@@std@@@2@V?$allocator@U?$pair@$$CBV?$basic_string@_WU?$char_traits@_W@std@@V?$allocator@_W@2@@std@@P6AXXZ@std@@@2@$0A@@std@@@std@@@2@V?$_Tree_const_iterator@V?$_Tree_val@V?$_Tmap_traits@V?$basic_string@_WU?$char_traits@_W@std@@V?$allocator@_W@2@@std@@P6AXXZU?$less@V?$basic_string@_WU?$char_traits@_W@std@@V?$allocator@_W@2@@std@@@2@V?$allocator@U?$pair@$$CBV?$basic_string@_WU?$char_traits@_W@std@@V?$allocator@_W@2@@std@@P6AXXZ@std@@@2@$0A@@std@@@std@@@2@@Z 0000000180003fc0 f i CommandManager.obj
 0001:00003820       ?clear@?$_Tree@V?$_Tmap_traits@V?$basic_string@_WU?$char_traits@_W@std@@V?$allocator@_W@2@@std@@P6AXXZU?$less@V?$basic_string@_WU?$char_traits@_W@std@@V?$allocator@_W@2@@std@@@2@V?$allocator@U?$pair@$$CBV?$basic_string@_WU?$char_traits@_W@std@@V?$allocator@_W@2@@std@@P6AXXZ@std@@@2@$0A@@std@@@std@@QEAAXXZ 0000000180004820 f i CommandManager.obj
 0001:000038b0       ?_Root@?$_Tree@V?$_Tmap_traits@V?$basic_string@_WU?$char_traits@_W@std@@V?$allocator@_W@2@@std@@P6AXXZU?$less@V?$basic_string@_WU?$char_traits@_W@std@@V?$allocator@_W@2@@std@@@2@V?$allocator@U?$pair@$$CBV?$basic_string@_WU?$char_traits@_W@std@@V?$allocator@_W@2@@std@@P6AXXZ@std@@@2@$0A@@std@@@std@@IEBAAEAPEAU_Node@?$_Tree_nod@V?$_Tmap_traits@V?$basic_string@_WU?$char_traits@_W@std@@V?$allocator@_W@2@@std@@P6AXXZU?$less@V?$basic_string@_WU?$char_traits@_W@std@@V?$allocator@_W@2@@std@@@2@V?$allocator@U?$pair@$$CBV?$basic_string@_WU?$char_traits@_W@std@@V?$allocator@_W@2@@std@@P6AXXZ@std@@@2@$0A@@std@@@2@XZ 00000001800048b0 f i CommandManager.obj
 0001:000038f0       ?_Color@?$_Tree_val@V?$_Tmap_traits@V?$basic_string@_WU?$char_traits@_W@std@@V?$allocator@_W@2@@std@@P6AXXZU?$less@V?$basic_string@_WU?$char_traits@_W@std@@V?$allocator@_W@2@@std@@@2@V?$allocator@U?$pair@$$CBV?$basic_string@_WU?$char_traits@_W@std@@V?$allocator@_W@2@@std@@P6AXXZ@std@@@2@$0A@@std@@@std@@SAAEADPEAU_Node@?$_Tree_nod@V?$_Tmap_traits@V?$basic_string@_WU?$char_traits@_W@std@@V?$allocator@_W@2@@std@@P6AXXZU?$less@V?$basic_string@_WU?$char_traits@_W@std@@V?$allocator@_W@2@@std@@@2@V?$allocator@U?$pair@$$CBV?$basic_string@_WU?$char_traits@_W@std@@V?$allocator@_W@2@@std@@P6AXXZ@std@@@2@$0A@@std@@@2@@Z 00000001800048f0 f i CommandManager.obj
 0001:00003910       ?_Isnil@?$_Tree_val@V?$_Tmap_traits@V?$basic_string@_WU?$char_traits@_W@std@@V?$allocator@_W@2@@std@@P6AXXZU?$less@V?$basic_string@_WU?$char_traits@_W@std@@V?$allocator@_W@2@@std@@@2@V?$allocator@U?$pair@$$CBV?$basic_string@_WU?$char_traits@_W@std@@V?$allocator@_W@2@@std@@P6AXXZ@std@@@2@$0A@@std@@@std@@SAAEADPEAU_Node@?$_Tree_nod@V?$_Tmap_traits@V?$basic_string@_WU?$char_traits@_W@std@@V?$allocator@_W@2@@std@@P6AXXZU?$less@V?$basic_string@_WU?$char_traits@_W@std@@V?$allocator@_W@2@@std@@@2@V?$allocator@U?$pair@$$CBV?$basic_string@_WU?$char_traits@_W@std@@V?$allocator@_W@2@@std@@P6AXXZ@std@@@2@$0A@@std@@@2@@Z 0000000180004910 f i CommandManager.obj
 0001:00003930       ?_Parent@?$_Tree_val@V?$_Tmap_traits@V?$basic_string@_WU?$char_traits@_W@std@@V?$allocator@_W@2@@std@@P6AXXZU?$less@V?$basic_string@_WU?$char_traits@_W@std@@V?$allocator@_W@2@@std@@@2@V?$allocator@U?$pair@$$CBV?$basic_string@_WU?$char_traits@_W@std@@V?$allocator@_W@2@@std@@P6AXXZ@std@@@2@$0A@@std@@@std@@SAAEAPEAU_Node@?$_Tree_nod@V?$_Tmap_traits@V?$basic_string@_WU?$char_traits@_W@std@@V?$allocator@_W@2@@std@@P6AXXZU?$less@V?$basic_string@_WU?$char_traits@_W@std@@V?$allocator@_W@2@@std@@@2@V?$allocator@U?$pair@$$CBV?$basic_string@_WU?$char_traits@_W@std@@V?$allocator@_W@2@@std@@P6AXXZ@std@@@2@$0A@@std@@@2@PEAU342@@Z 0000000180004930 f i CommandManager.obj
 0001:00003950       ?_Right@?$_Tree_val@V?$_Tmap_traits@V?$basic_string@_WU?$char_traits@_W@std@@V?$allocator@_W@2@@std@@P6AXXZU?$less@V?$basic_string@_WU?$char_traits@_W@std@@V?$allocator@_W@2@@std@@@2@V?$allocator@U?$pair@$$CBV?$basic_string@_WU?$char_traits@_W@std@@V?$allocator@_W@2@@std@@P6AXXZ@std@@@2@$0A@@std@@@std@@SAAEAPEAU_Node@?$_Tree_nod@V?$_Tmap_traits@V?$basic_string@_WU?$char_traits@_W@std@@V?$allocator@_W@2@@std@@P6AXXZU?$less@V?$basic_string@_WU?$char_traits@_W@std@@V?$allocator@_W@2@@std@@@2@V?$allocator@U?$pair@$$CBV?$basic_string@_WU?$char_traits@_W@std@@V?$allocator@_W@2@@std@@P6AXXZ@std@@@2@$0A@@std@@@2@PEAU342@@Z 0000000180004950 f i CommandManager.obj
 0001:00003970       ?_Min@?$_Tree_val@V?$_Tmap_traits@V?$basic_string@_WU?$char_traits@_W@std@@V?$allocator@_W@2@@std@@P6AXXZU?$less@V?$basic_string@_WU?$char_traits@_W@std@@V?$allocator@_W@2@@std@@@2@V?$allocator@U?$pair@$$CBV?$basic_string@_WU?$char_traits@_W@std@@V?$allocator@_W@2@@std@@P6AXXZ@std@@@2@$0A@@std@@@std@@SAPEAU_Node@?$_Tree_nod@V?$_Tmap_traits@V?$basic_string@_WU?$char_traits@_W@std@@V?$allocator@_W@2@@std@@P6AXXZU?$less@V?$basic_string@_WU?$char_traits@_W@std@@V?$allocator@_W@2@@std@@@2@V?$allocator@U?$pair@$$CBV?$basic_string@_WU?$char_traits@_W@std@@V?$allocator@_W@2@@std@@P6AXXZ@std@@@2@$0A@@std@@@2@PEAU342@@Z 0000000180004970 f i CommandManager.obj
 0001:000039d0       ??0?$_Tree_nod@V?$_Tmap_traits@V?$basic_string@_WU?$char_traits@_W@std@@V?$allocator@_W@2@@std@@P6AXXZU?$less@V?$basic_string@_WU?$char_traits@_W@std@@V?$allocator@_W@2@@std@@@2@V?$allocator@U?$pair@$$CBV?$basic_string@_WU?$char_traits@_W@std@@V?$allocator@_W@2@@std@@P6AXXZ@std@@@2@$0A@@std@@@std@@QEAA@AEBU?$less@V?$basic_string@_WU?$char_traits@_W@std@@V?$allocator@_W@2@@std@@@1@V?$allocator@U?$pair@$$CBV?$basic_string@_WU?$char_traits@_W@std@@V?$allocator@_W@2@@std@@P6AXXZ@std@@@1@@Z 00000001800049d0 f i CommandManager.obj
 0001:00003a50       ?allocate@?$allocator@U_Node@?$_Tree_nod@V?$_Tmap_traits@V?$basic_string@_WU?$char_traits@_W@std@@V?$allocator@_W@2@@std@@P6AXXZU?$less@V?$basic_string@_WU?$char_traits@_W@std@@V?$allocator@_W@2@@std@@@2@V?$allocator@U?$pair@$$CBV?$basic_string@_WU?$char_traits@_W@std@@V?$allocator@_W@2@@std@@P6AXXZ@std@@@2@$0A@@std@@@std@@@std@@QEAAPEAU_Node@?$_Tree_nod@V?$_Tmap_traits@V?$basic_string@_WU?$char_traits@_W@std@@V?$allocator@_W@2@@std@@P6AXXZU?$less@V?$basic_string@_WU?$char_traits@_W@std@@V?$allocator@_W@2@@std@@@2@V?$allocator@U?$pair@$$CBV?$basic_string@_WU?$char_traits@_W@std@@V?$allocator@_W@2@@std@@P6AXXZ@std@@@2@$0A@@std@@@2@_K@Z 0000000180004a50 f i CommandManager.obj
 0001:00003a90       ?allocate@?$allocator@_W@std@@QEAAPEA_W_K@Z 0000000180004a90 f i CommandManager.obj
 0001:00003ad0       ?max_size@?$allocator@_W@std@@QEBA_KXZ 0000000180004ad0 f i CommandManager.obj
 0001:00003b30       ?_Erase@?$_Tree@V?$_Tmap_traits@V?$basic_string@_WU?$char_traits@_W@std@@V?$allocator@_W@2@@std@@P6AXXZU?$less@V?$basic_string@_WU?$char_traits@_W@std@@V?$allocator@_W@2@@std@@@2@V?$allocator@U?$pair@$$CBV?$basic_string@_WU?$char_traits@_W@std@@V?$allocator@_W@2@@std@@P6AXXZ@std@@@2@$0A@@std@@@std@@IEAAXPEAU_Node@?$_Tree_nod@V?$_Tmap_traits@V?$basic_string@_WU?$char_traits@_W@std@@V?$allocator@_W@2@@std@@P6AXXZU?$less@V?$basic_string@_WU?$char_traits@_W@std@@V?$allocator@_W@2@@std@@@2@V?$allocator@U?$pair@$$CBV?$basic_string@_WU?$char_traits@_W@std@@V?$allocator@_W@2@@std@@P6AXXZ@std@@@2@$0A@@std@@@2@@Z 0000000180004b30 f i CommandManager.obj
 0001:00003bf0       ?_Lrotate@?$_Tree@V?$_Tmap_traits@V?$basic_string@_WU?$char_traits@_W@std@@V?$allocator@_W@2@@std@@P6AXXZU?$less@V?$basic_string@_WU?$char_traits@_W@std@@V?$allocator@_W@2@@std@@@2@V?$allocator@U?$pair@$$CBV?$basic_string@_WU?$char_traits@_W@std@@V?$allocator@_W@2@@std@@P6AXXZ@std@@@2@$0A@@std@@@std@@IEAAXPEAU_Node@?$_Tree_nod@V?$_Tmap_traits@V?$basic_string@_WU?$char_traits@_W@std@@V?$allocator@_W@2@@std@@P6AXXZU?$less@V?$basic_string@_WU?$char_traits@_W@std@@V?$allocator@_W@2@@std@@@2@V?$allocator@U?$pair@$$CBV?$basic_string@_WU?$char_traits@_W@std@@V?$allocator@_W@2@@std@@P6AXXZ@std@@@2@$0A@@std@@@2@@Z 0000000180004bf0 f i CommandManager.obj
 0001:00003d50       ?_Rmost@?$_Tree@V?$_Tmap_traits@V?$basic_string@_WU?$char_traits@_W@std@@V?$allocator@_W@2@@std@@P6AXXZU?$less@V?$basic_string@_WU?$char_traits@_W@std@@V?$allocator@_W@2@@std@@@2@V?$allocator@U?$pair@$$CBV?$basic_string@_WU?$char_traits@_W@std@@V?$allocator@_W@2@@std@@P6AXXZ@std@@@2@$0A@@std@@@std@@IEBAAEAPEAU_Node@?$_Tree_nod@V?$_Tmap_traits@V?$basic_string@_WU?$char_traits@_W@std@@V?$allocator@_W@2@@std@@P6AXXZU?$less@V?$basic_string@_WU?$char_traits@_W@std@@V?$allocator@_W@2@@std@@@2@V?$allocator@U?$pair@$$CBV?$basic_string@_WU?$char_traits@_W@std@@V?$allocator@_W@2@@std@@P6AXXZ@std@@@2@$0A@@std@@@2@XZ 0000000180004d50 f i CommandManager.obj
 0001:00003d90       ?_Rrotate@?$_Tree@V?$_Tmap_traits@V?$basic_string@_WU?$char_traits@_W@std@@V?$allocator@_W@2@@std@@P6AXXZU?$less@V?$basic_string@_WU?$char_traits@_W@std@@V?$allocator@_W@2@@std@@@2@V?$allocator@U?$pair@$$CBV?$basic_string@_WU?$char_traits@_W@std@@V?$allocator@_W@2@@std@@P6AXXZ@std@@@2@$0A@@std@@@std@@IEAAXPEAU_Node@?$_Tree_nod@V?$_Tmap_traits@V?$basic_string@_WU?$char_traits@_W@std@@V?$allocator@_W@2@@std@@P6AXXZU?$less@V?$basic_string@_WU?$char_traits@_W@std@@V?$allocator@_W@2@@std@@@2@V?$allocator@U?$pair@$$CBV?$basic_string@_WU?$char_traits@_W@std@@V?$allocator@_W@2@@std@@P6AXXZ@std@@@2@$0A@@std@@@2@@Z 0000000180004d90 f i CommandManager.obj
 0001:00003ef0       ?_Max@?$_Tree_val@V?$_Tmap_traits@V?$basic_string@_WU?$char_traits@_W@std@@V?$allocator@_W@2@@std@@P6AXXZU?$less@V?$basic_string@_WU?$char_traits@_W@std@@V?$allocator@_W@2@@std@@@2@V?$allocator@U?$pair@$$CBV?$basic_string@_WU?$char_traits@_W@std@@V?$allocator@_W@2@@std@@P6AXXZ@std@@@2@$0A@@std@@@std@@SAPEAU_Node@?$_Tree_nod@V?$_Tmap_traits@V?$basic_string@_WU?$char_traits@_W@std@@V?$allocator@_W@2@@std@@P6AXXZU?$less@V?$basic_string@_WU?$char_traits@_W@std@@V?$allocator@_W@2@@std@@@2@V?$allocator@U?$pair@$$CBV?$basic_string@_WU?$char_traits@_W@std@@V?$allocator@_W@2@@std@@P6AXXZ@std@@@2@$0A@@std@@@2@PEAU342@@Z 0000000180004ef0 f i CommandManager.obj
 0001:00003f50       ??0?$_Tmap_traits@V?$basic_string@_WU?$char_traits@_W@std@@V?$allocator@_W@2@@std@@P6AXXZU?$less@V?$basic_string@_WU?$char_traits@_W@std@@V?$allocator@_W@2@@std@@@2@V?$allocator@U?$pair@$$CBV?$basic_string@_WU?$char_traits@_W@std@@V?$allocator@_W@2@@std@@P6AXXZ@std@@@2@$0A@@std@@QEAA@U?$less@V?$basic_string@_WU?$char_traits@_W@std@@V?$allocator@_W@2@@std@@@1@@Z 0000000180004f50 f i CommandManager.obj
 0001:00003f70       ??$insert@U?$pair@$$CBV?$basic_string@_WU?$char_traits@_W@std@@V?$allocator@_W@2@@std@@P6AXXZ@std@@@?$_Tree@V?$_Tmap_traits@V?$basic_string@_WU?$char_traits@_W@std@@V?$allocator@_W@2@@std@@P6AXXZU?$less@V?$basic_string@_WU?$char_traits@_W@std@@V?$allocator@_W@2@@std@@@2@V?$allocator@U?$pair@$$CBV?$basic_string@_WU?$char_traits@_W@std@@V?$allocator@_W@2@@std@@P6AXXZ@std@@@2@$0A@@std@@@std@@QEAA?AV?$_Tree_iterator@V?$_Tree_val@V?$_Tmap_traits@V?$basic_string@_WU?$char_traits@_W@std@@V?$allocator@_W@2@@std@@P6AXXZU?$less@V?$basic_string@_WU?$char_traits@_W@std@@V?$allocator@_W@2@@std@@@2@V?$allocator@U?$pair@$$CBV?$basic_string@_WU?$char_traits@_W@std@@V?$allocator@_W@2@@std@@P6AXXZ@std@@@2@$0A@@std@@@std@@@1@V?$_Tree_const_iterator@V?$_Tree_val@V?$_Tmap_traits@V?$basic_string@_WU?$char_traits@_W@std@@V?$allocator@_W@2@@std@@P6AXXZU?$less@V?$basic_string@_WU?$char_traits@_W@std@@V?$allocator@_W@2@@std@@@2@V?$allocator@U?$pair@$$CBV?$basic_string@_WU?$char_traits@_W@std@@V?$allocator@_W@2@@std@@P6AXXZ@std@@@2@$0A@@std@@@std@@@1@$$QEAU?$pair@$$CBV?$basic_string@_WU?$char_traits@_W@std@@V?$allocator@_W@2@@std@@P6AXXZ@1@@Z 0000000180004f70 f i CommandManager.obj
 0001:00003fe0       ??$?M_WU?$char_traits@_W@std@@V?$allocator@_W@1@@std@@YA_NAEBV?$basic_string@_WU?$char_traits@_W@std@@V?$allocator@_W@2@@0@0@Z 0000000180004fe0 f i CommandManager.obj
 0001:00004040       ??$swap@D@std@@YAXAEAD0@Z  0000000180005040 f i CommandManager.obj
 0001:000040c0       ??$_Dest_val@V?$allocator@U?$pair@$$CBV?$basic_string@_WU?$char_traits@_W@std@@V?$allocator@_W@2@@std@@P6AXXZ@std@@@std@@U?$pair@$$CBV?$basic_string@_WU?$char_traits@_W@std@@V?$allocator@_W@2@@std@@P6AXXZ@2@@std@@YAXAEAV?$allocator@U?$pair@$$CBV?$basic_string@_WU?$char_traits@_W@std@@V?$allocator@_W@2@@std@@P6AXXZ@std@@@0@PEAU?$pair@$$CBV?$basic_string@_WU?$char_traits@_W@std@@V?$allocator@_W@2@@std@@P6AXXZ@0@@Z 00000001800050c0 f i CommandManager.obj
 0001:00004100       ??$_Allocate@U_Node@?$_Tree_nod@V?$_Tmap_traits@V?$basic_string@_WU?$char_traits@_W@std@@V?$allocator@_W@2@@std@@P6AXXZU?$less@V?$basic_string@_WU?$char_traits@_W@std@@V?$allocator@_W@2@@std@@@2@V?$allocator@U?$pair@$$CBV?$basic_string@_WU?$char_traits@_W@std@@V?$allocator@_W@2@@std@@P6AXXZ@std@@@2@$0A@@std@@@std@@@std@@YAPEAU_Node@?$_Tree_nod@V?$_Tmap_traits@V?$basic_string@_WU?$char_traits@_W@std@@V?$allocator@_W@2@@std@@P6AXXZU?$less@V?$basic_string@_WU?$char_traits@_W@std@@V?$allocator@_W@2@@std@@@2@V?$allocator@U?$pair@$$CBV?$basic_string@_WU?$char_traits@_W@std@@V?$allocator@_W@2@@std@@P6AXXZ@std@@@2@$0A@@std@@@0@_KPEAU120@@Z 0000000180005100 f i CommandManager.obj
 0001:000041a0       ??0bad_alloc@std@@QEAA@PEBD@Z 00000001800051a0 f i CommandManager.obj
 0001:000041f0       ??1bad_alloc@std@@UEAA@XZ  00000001800051f0 f i CommandManager.obj
 0001:00004230       ??_Ebad_alloc@std@@UEAAPEAXI@Z 0000000180005230 f i CommandManager.obj
 0001:00004230       ??_Gbad_alloc@std@@UEAAPEAXI@Z 0000000180005230 f i CommandManager.obj
 0001:00004280       ??$_Allocate@_W@std@@YAPEA_W_KPEA_W@Z 0000000180005280 f i CommandManager.obj
 0001:00004320       ??0bad_alloc@std@@QEAA@AEBV01@@Z 0000000180005320 f i CommandManager.obj
 0001:00004370       ?compare@?$basic_string@_WU?$char_traits@_W@std@@V?$allocator@_W@2@@std@@QEBAHAEBV12@@Z 0000000180005370 f i CommandManager.obj
 0001:000043e0       ?_Insert@?$_Tree@V?$_Tmap_traits@V?$basic_string@_WU?$char_traits@_W@std@@V?$allocator@_W@2@@std@@P6AXXZU?$less@V?$basic_string@_WU?$char_traits@_W@std@@V?$allocator@_W@2@@std@@@2@V?$allocator@U?$pair@$$CBV?$basic_string@_WU?$char_traits@_W@std@@V?$allocator@_W@2@@std@@P6AXXZ@std@@@2@$0A@@std@@@std@@QEAA?AV?$_Tree_iterator@V?$_Tree_val@V?$_Tmap_traits@V?$basic_string@_WU?$char_traits@_W@std@@V?$allocator@_W@2@@std@@P6AXXZU?$less@V?$basic_string@_WU?$char_traits@_W@std@@V?$allocator@_W@2@@std@@@2@V?$allocator@U?$pair@$$CBV?$basic_string@_WU?$char_traits@_W@std@@V?$allocator@_W@2@@std@@P6AXXZ@std@@@2@$0A@@std@@@std@@@2@V?$_Tree_const_iterator@V?$_Tree_val@V?$_Tmap_traits@V?$basic_string@_WU?$char_traits@_W@std@@V?$allocator@_W@2@@std@@P6AXXZU?$less@V?$basic_string@_WU?$char_traits@_W@std@@V?$allocator@_W@2@@std@@@2@V?$allocator@U?$pair@$$CBV?$basic_string@_WU?$char_traits@_W@std@@V?$allocator@_W@2@@std@@P6AXXZ@std@@@2@$0A@@std@@@std@@@2@PEAU_Node@?$_Tree_nod@V?$_Tmap_traits@V?$basic_string@_WU?$char_traits@_W@std@@V?$allocator@_W@2@@std@@P6AXXZU?$less@V?$basic_string@_WU?$char_traits@_W@std@@V?$allocator@_W@2@@std@@@2@V?$allocator@U?$pair@$$CBV?$basic_string@_WU?$char_traits@_W@std@@V?$allocator@_W@2@@std@@P6AXXZ@std@@@2@$0A@@std@@@2@@Z 00000001800053e0 f i CommandManager.obj
 0001:00004db0       ?destroy@?$allocator@U?$pair@$$CBV?$basic_string@_WU?$char_traits@_W@std@@V?$allocator@_W@2@@std@@P6AXXZ@std@@@std@@QEAAXPEAU?$pair@$$CBV?$basic_string@_WU?$char_traits@_W@std@@V?$allocator@_W@2@@std@@P6AXXZ@2@@Z 0000000180005db0 f i CommandManager.obj
 0001:00004df0       ?compare@?$basic_string@_WU?$char_traits@_W@std@@V?$allocator@_W@2@@std@@QEBAH_K0PEB_W0@Z 0000000180005df0 f i CommandManager.obj
 0001:00004f20       ?compare@?$char_traits@_W@std@@SAHPEB_W0_K@Z 0000000180005f20 f i CommandManager.obj
 0001:00004f70       wmemcmp                    0000000180005f70 f i CommandManager.obj
 0001:00005020       ?_Linsert@?$_Tree@V?$_Tmap_traits@V?$basic_string@_WU?$char_traits@_W@std@@V?$allocator@_W@2@@std@@P6AXXZU?$less@V?$basic_string@_WU?$char_traits@_W@std@@V?$allocator@_W@2@@std@@@2@V?$allocator@U?$pair@$$CBV?$basic_string@_WU?$char_traits@_W@std@@V?$allocator@_W@2@@std@@P6AXXZ@std@@@2@$0A@@std@@@std@@QEAA?AU?$pair@V?$_Tree_iterator@V?$_Tree_val@V?$_Tmap_traits@V?$basic_string@_WU?$char_traits@_W@std@@V?$allocator@_W@2@@std@@P6AXXZU?$less@V?$basic_string@_WU?$char_traits@_W@std@@V?$allocator@_W@2@@std@@@2@V?$allocator@U?$pair@$$CBV?$basic_string@_WU?$char_traits@_W@std@@V?$allocator@_W@2@@std@@P6AXXZ@std@@@2@$0A@@std@@@std@@@std@@_N@2@PEAU_Node@?$_Tree_nod@V?$_Tmap_traits@V?$basic_string@_WU?$char_traits@_W@std@@V?$allocator@_W@2@@std@@P6AXXZU?$less@V?$basic_string@_WU?$char_traits@_W@std@@V?$allocator@_W@2@@std@@@2@V?$allocator@U?$pair@$$CBV?$basic_string@_WU?$char_traits@_W@std@@V?$allocator@_W@2@@std@@P6AXXZ@std@@@2@$0A@@std@@@2@_N@Z 0000000180006020 f i CommandManager.obj
 0001:000053e0       ?_Insert@?$_Tree@V?$_Tmap_traits@V?$basic_string@_WU?$char_traits@_W@std@@V?$allocator@_W@2@@std@@P6AXXZU?$less@V?$basic_string@_WU?$char_traits@_W@std@@V?$allocator@_W@2@@std@@@2@V?$allocator@U?$pair@$$CBV?$basic_string@_WU?$char_traits@_W@std@@V?$allocator@_W@2@@std@@P6AXXZ@std@@@2@$0A@@std@@@std@@IEAA?AV?$_Tree_iterator@V?$_Tree_val@V?$_Tmap_traits@V?$basic_string@_WU?$char_traits@_W@std@@V?$allocator@_W@2@@std@@P6AXXZU?$less@V?$basic_string@_WU?$char_traits@_W@std@@V?$allocator@_W@2@@std@@@2@V?$allocator@U?$pair@$$CBV?$basic_string@_WU?$char_traits@_W@std@@V?$allocator@_W@2@@std@@P6AXXZ@std@@@2@$0A@@std@@@std@@@2@_NPEAU_Node@?$_Tree_nod@V?$_Tmap_traits@V?$basic_string@_WU?$char_traits@_W@std@@V?$allocator@_W@2@@std@@P6AXXZU?$less@V?$basic_string@_WU?$char_traits@_W@std@@V?$allocator@_W@2@@std@@@2@V?$allocator@U?$pair@$$CBV?$basic_string@_WU?$char_traits@_W@std@@V?$allocator@_W@2@@std@@P6AXXZ@std@@@2@$0A@@std@@@2@1@Z 00000001800063e0 f i CommandManager.obj
 0001:00005840       ??0?$_Tree_const_iterator@V?$_Tree_val@V?$_Tmap_traits@V?$basic_string@_WU?$char_traits@_W@std@@V?$allocator@_W@2@@std@@P6AXXZU?$less@V?$basic_string@_WU?$char_traits@_W@std@@V?$allocator@_W@2@@std@@@2@V?$allocator@U?$pair@$$CBV?$basic_string@_WU?$char_traits@_W@std@@V?$allocator@_W@2@@std@@P6AXXZ@std@@@2@$0A@@std@@@std@@@std@@QEAA@XZ 0000000180006840 f i CommandManager.obj
 0001:00005880       ??F?$_Tree_const_iterator@V?$_Tree_val@V?$_Tmap_traits@V?$basic_string@_WU?$char_traits@_W@std@@V?$allocator@_W@2@@std@@P6AXXZU?$less@V?$basic_string@_WU?$char_traits@_W@std@@V?$allocator@_W@2@@std@@@2@V?$allocator@U?$pair@$$CBV?$basic_string@_WU?$char_traits@_W@std@@V?$allocator@_W@2@@std@@P6AXXZ@std@@@2@$0A@@std@@@std@@@std@@QEAAAEAV01@XZ 0000000180006880 f i CommandManager.obj
 0001:000058c0       ?max_size@?$_Tree@V?$_Tmap_traits@V?$basic_string@_WU?$char_traits@_W@std@@V?$allocator@_W@2@@std@@P6AXXZU?$less@V?$basic_string@_WU?$char_traits@_W@std@@V?$allocator@_W@2@@std@@@2@V?$allocator@U?$pair@$$CBV?$basic_string@_WU?$char_traits@_W@std@@V?$allocator@_W@2@@std@@P6AXXZ@std@@@2@$0A@@std@@@std@@QEBA_KXZ 00000001800068c0 f i CommandManager.obj
 0001:00005900       ??F?$_Tree_unchecked_const_iterator@V?$_Tree_val@V?$_Tmap_traits@V?$basic_string@_WU?$char_traits@_W@std@@V?$allocator@_W@2@@std@@P6AXXZU?$less@V?$basic_string@_WU?$char_traits@_W@std@@V?$allocator@_W@2@@std@@@2@V?$allocator@U?$pair@$$CBV?$basic_string@_WU?$char_traits@_W@std@@V?$allocator@_W@2@@std@@P6AXXZ@std@@@2@$0A@@std@@@std@@U_Iterator_base0@2@@std@@QEAAAEAV01@XZ 0000000180006900 f i CommandManager.obj
 0001:00005a10       ??F?$_Tree_iterator@V?$_Tree_val@V?$_Tmap_traits@V?$basic_string@_WU?$char_traits@_W@std@@V?$allocator@_W@2@@std@@P6AXXZU?$less@V?$basic_string@_WU?$char_traits@_W@std@@V?$allocator@_W@2@@std@@@2@V?$allocator@U?$pair@$$CBV?$basic_string@_WU?$char_traits@_W@std@@V?$allocator@_W@2@@std@@P6AXXZ@std@@@2@$0A@@std@@@std@@@std@@QEAAAEAV01@XZ 0000000180006a10 f i CommandManager.obj
 0001:00005a50       ?max_size@?$allocator@U?$pair@$$CBV?$basic_string@_WU?$char_traits@_W@std@@V?$allocator@_W@2@@std@@P6AXXZ@std@@@std@@QEBA_KXZ 0000000180006a50 f i CommandManager.obj
 0001:00005ab0       ??0?$_Pair_base@V?$_Tree_iterator@V?$_Tree_val@V?$_Tmap_traits@V?$basic_string@_WU?$char_traits@_W@std@@V?$allocator@_W@2@@std@@P6AXXZU?$less@V?$basic_string@_WU?$char_traits@_W@std@@V?$allocator@_W@2@@std@@@2@V?$allocator@U?$pair@$$CBV?$basic_string@_WU?$char_traits@_W@std@@V?$allocator@_W@2@@std@@P6AXXZ@std@@@2@$0A@@std@@@std@@@std@@_N@std@@QEAA@$$QEAV?$_Tree_iterator@V?$_Tree_val@V?$_Tmap_traits@V?$basic_string@_WU?$char_traits@_W@std@@V?$allocator@_W@2@@std@@P6AXXZU?$less@V?$basic_string@_WU?$char_traits@_W@std@@V?$allocator@_W@2@@std@@@2@V?$allocator@U?$pair@$$CBV?$basic_string@_WU?$char_traits@_W@std@@V?$allocator@_W@2@@std@@P6AXXZ@std@@@2@$0A@@std@@@std@@@1@$$QEA_N@Z 0000000180006ab0 f i CommandManager.obj
 0001:00005ab0       ??$?0AEAV?$_Tree_iterator@V?$_Tree_val@V?$_Tmap_traits@V?$basic_string@_WU?$char_traits@_W@std@@V?$allocator@_W@2@@std@@P6AXXZU?$less@V?$basic_string@_WU?$char_traits@_W@std@@V?$allocator@_W@2@@std@@@2@V?$allocator@U?$pair@$$CBV?$basic_string@_WU?$char_traits@_W@std@@V?$allocator@_W@2@@std@@P6AXXZ@std@@@2@$0A@@std@@@std@@@std@@_N@?$_Pair_base@V?$_Tree_iterator@V?$_Tree_val@V?$_Tmap_traits@V?$basic_string@_WU?$char_traits@_W@std@@V?$allocator@_W@2@@std@@P6AXXZU?$less@V?$basic_string@_WU?$char_traits@_W@std@@V?$allocator@_W@2@@std@@@2@V?$allocator@U?$pair@$$CBV?$basic_string@_WU?$char_traits@_W@std@@V?$allocator@_W@2@@std@@P6AXXZ@std@@@2@$0A@@std@@@std@@@std@@_N@std@@QEAA@AEAV?$_Tree_iterator@V?$_Tree_val@V?$_Tmap_traits@V?$basic_string@_WU?$char_traits@_W@std@@V?$allocator@_W@2@@std@@P6AXXZU?$less@V?$basic_string@_WU?$char_traits@_W@std@@V?$allocator@_W@2@@std@@@2@V?$allocator@U?$pair@$$CBV?$basic_string@_WU?$char_traits@_W@std@@V?$allocator@_W@2@@std@@P6AXXZ@std@@@2@$0A@@std@@@std@@@1@$$QEA_N@Z 0000000180006ab0 f i CommandManager.obj
 0001:00005b10       ??$_Buynode@U?$pair@$$CBV?$basic_string@_WU?$char_traits@_W@std@@V?$allocator@_W@2@@std@@P6AXXZ@std@@@?$_Tree_val@V?$_Tmap_traits@V?$basic_string@_WU?$char_traits@_W@std@@V?$allocator@_W@2@@std@@P6AXXZU?$less@V?$basic_string@_WU?$char_traits@_W@std@@V?$allocator@_W@2@@std@@@2@V?$allocator@U?$pair@$$CBV?$basic_string@_WU?$char_traits@_W@std@@V?$allocator@_W@2@@std@@P6AXXZ@std@@@2@$0A@@std@@@std@@QEAAPEAU_Node@?$_Tree_nod@V?$_Tmap_traits@V?$basic_string@_WU?$char_traits@_W@std@@V?$allocator@_W@2@@std@@P6AXXZU?$less@V?$basic_string@_WU?$char_traits@_W@std@@V?$allocator@_W@2@@std@@@2@V?$allocator@U?$pair@$$CBV?$basic_string@_WU?$char_traits@_W@std@@V?$allocator@_W@2@@std@@P6AXXZ@std@@@2@$0A@@std@@@1@$$QEAU?$pair@$$CBV?$basic_string@_WU?$char_traits@_W@std@@V?$allocator@_W@2@@std@@P6AXXZ@1@@Z 0000000180006b10 f i CommandManager.obj
 0001:00005ba0       ??$_Destroy@U?$pair@$$CBV?$basic_string@_WU?$char_traits@_W@std@@V?$allocator@_W@2@@std@@P6AXXZ@std@@@std@@YAXPEAU?$pair@$$CBV?$basic_string@_WU?$char_traits@_W@std@@V?$allocator@_W@2@@std@@P6AXXZ@0@@Z 0000000180006ba0 f i CommandManager.obj
 0001:00005bd0       ??$?0AEAV?$_Tree_iterator@V?$_Tree_val@V?$_Tmap_traits@V?$basic_string@_WU?$char_traits@_W@std@@V?$allocator@_W@2@@std@@P6AXXZU?$less@V?$basic_string@_WU?$char_traits@_W@std@@V?$allocator@_W@2@@std@@@2@V?$allocator@U?$pair@$$CBV?$basic_string@_WU?$char_traits@_W@std@@V?$allocator@_W@2@@std@@P6AXXZ@std@@@2@$0A@@std@@@std@@@std@@_N@?$pair@V?$_Tree_iterator@V?$_Tree_val@V?$_Tmap_traits@V?$basic_string@_WU?$char_traits@_W@std@@V?$allocator@_W@2@@std@@P6AXXZU?$less@V?$basic_string@_WU?$char_traits@_W@std@@V?$allocator@_W@2@@std@@@2@V?$allocator@U?$pair@$$CBV?$basic_string@_WU?$char_traits@_W@std@@V?$allocator@_W@2@@std@@P6AXXZ@std@@@2@$0A@@std@@@std@@@std@@_N@std@@QEAA@AEAV?$_Tree_iterator@V?$_Tree_val@V?$_Tmap_traits@V?$basic_string@_WU?$char_traits@_W@std@@V?$allocator@_W@2@@std@@P6AXXZU?$less@V?$basic_string@_WU?$char_traits@_W@std@@V?$allocator@_W@2@@std@@@2@V?$allocator@U?$pair@$$CBV?$basic_string@_WU?$char_traits@_W@std@@V?$allocator@_W@2@@std@@P6AXXZ@std@@@2@$0A@@std@@@std@@@1@$$QEA_N@Z 0000000180006bd0 f i CommandManager.obj
 0001:00005bd0       ??0?$pair@V?$_Tree_iterator@V?$_Tree_val@V?$_Tmap_traits@V?$basic_string@_WU?$char_traits@_W@std@@V?$allocator@_W@2@@std@@P6AXXZU?$less@V?$basic_string@_WU?$char_traits@_W@std@@V?$allocator@_W@2@@std@@@2@V?$allocator@U?$pair@$$CBV?$basic_string@_WU?$char_traits@_W@std@@V?$allocator@_W@2@@std@@P6AXXZ@std@@@2@$0A@@std@@@std@@@std@@_N@std@@QEAA@$$QEAV?$_Tree_iterator@V?$_Tree_val@V?$_Tmap_traits@V?$basic_string@_WU?$char_traits@_W@std@@V?$allocator@_W@2@@std@@P6AXXZU?$less@V?$basic_string@_WU?$char_traits@_W@std@@V?$allocator@_W@2@@std@@@2@V?$allocator@U?$pair@$$CBV?$basic_string@_WU?$char_traits@_W@std@@V?$allocator@_W@2@@std@@P6AXXZ@std@@@2@$0A@@std@@@std@@@1@$$QEA_N@Z 0000000180006bd0 f i CommandManager.obj
 0001:00005c40       ??_G?$pair@$$CBV?$basic_string@_WU?$char_traits@_W@std@@V?$allocator@_W@2@@std@@P6AXXZ@std@@QEAAPEAXI@Z 0000000180006c40 f i CommandManager.obj
 0001:00005c90       ?_Buynode@?$_Tree_val@V?$_Tmap_traits@V?$basic_string@_WU?$char_traits@_W@std@@V?$allocator@_W@2@@std@@P6AXXZU?$less@V?$basic_string@_WU?$char_traits@_W@std@@V?$allocator@_W@2@@std@@@2@V?$allocator@U?$pair@$$CBV?$basic_string@_WU?$char_traits@_W@std@@V?$allocator@_W@2@@std@@P6AXXZ@std@@@2@$0A@@std@@@std@@QEAAPEAU_Node@?$_Tree_nod@V?$_Tmap_traits@V?$basic_string@_WU?$char_traits@_W@std@@V?$allocator@_W@2@@std@@P6AXXZU?$less@V?$basic_string@_WU?$char_traits@_W@std@@V?$allocator@_W@2@@std@@@2@V?$allocator@U?$pair@$$CBV?$basic_string@_WU?$char_traits@_W@std@@V?$allocator@_W@2@@std@@P6AXXZ@std@@@2@$0A@@std@@@2@XZ 0000000180006c90 f i CommandManager.obj
 0001:00005d30       ??$_Cons_val@V?$allocator@U?$pair@$$CBV?$basic_string@_WU?$char_traits@_W@std@@V?$allocator@_W@2@@std@@P6AXXZ@std@@@std@@U?$pair@$$CBV?$basic_string@_WU?$char_traits@_W@std@@V?$allocator@_W@2@@std@@P6AXXZ@2@U32@@std@@YAXAEAV?$allocator@U?$pair@$$CBV?$basic_string@_WU?$char_traits@_W@std@@V?$allocator@_W@2@@std@@P6AXXZ@std@@@0@PEAU?$pair@$$CBV?$basic_string@_WU?$char_traits@_W@std@@V?$allocator@_W@2@@std@@P6AXXZ@0@$$QEAU20@@Z 0000000180006d30 f i CommandManager.obj
 0001:00005d80       ?construct@?$allocator@U?$pair@$$CBV?$basic_string@_WU?$char_traits@_W@std@@V?$allocator@_W@2@@std@@P6AXXZ@std@@@std@@QEAAXPEAU?$pair@$$CBV?$basic_string@_WU?$char_traits@_W@std@@V?$allocator@_W@2@@std@@P6AXXZ@2@$$QEAU32@@Z 0000000180006d80 f i CommandManager.obj
 0001:00005e10       ??2@YAPEAX_KPEAX@Z         0000000180006e10 f i CommandManager.obj
 0001:00005e30       ??$?0$$CBV?$basic_string@_WU?$char_traits@_W@std@@V?$allocator@_W@2@@std@@P6AXXZ@?$pair@$$CBV?$basic_string@_WU?$char_traits@_W@std@@V?$allocator@_W@2@@std@@P6AXXZ@std@@QEAA@$$QEAU01@@Z 0000000180006e30 f i CommandManager.obj
 0001:00005ea0       ??0?$_Pair_base@$$CBV?$basic_string@_WU?$char_traits@_W@std@@V?$allocator@_W@2@@std@@P6AXXZ@std@@QEAA@$$QEBV?$basic_string@_WU?$char_traits@_W@std@@V?$allocator@_W@2@@1@$$QEAP6AXXZ@Z 0000000180006ea0 f i CommandManager.obj
 0001:00005f10       ??0LineCategoryItemData@config@assistent@guch@com@@QEAA@AEBV?$basic_string@_WU?$char_traits@_W@std@@V?$allocator@_W@2@@std@@00000000@Z 0000000180006f10 f   LineCategoryItemData.obj
 0001:00006030       ?Instance@LineConfigDataManager@config@assistent@guch@com@@SAPEAV12345@XZ 0000000180007030 f   LineConfigDataManager.obj
 0001:000060b0       ??0LineConfigDataManager@config@assistent@guch@com@@QEAA@XZ 00000001800070b0 f   LineConfigDataManager.obj
 0001:00006460       ?GetHead@CSimpleList@@QEBAPEAXXZ 0000000180007460 f   MenuManager.obj
 0001:00006460       ?GetData@LineConfigDataManager@config@assistent@guch@com@@QEBAQEAV?$vector@PEAULineCategoryItemData@config@assistent@guch@com@@V?$allocator@PEAULineCategoryItemData@config@assistent@guch@com@@@std@@@std@@XZ 0000000180007460 f   LineConfigDataManager.obj
 0001:00006460       ?_Mynode@?$_Tree_unchecked_const_iterator@V?$_Tree_val@V?$_Tmap_traits@V?$basic_string@_WU?$char_traits@_W@std@@V?$allocator@_W@2@@std@@P6AXXZU?$less@V?$basic_string@_WU?$char_traits@_W@std@@V?$allocator@_W@2@@std@@@2@V?$allocator@U?$pair@$$CBV?$basic_string@_WU?$char_traits@_W@std@@V?$allocator@_W@2@@std@@P6AXXZ@std@@@2@$0A@@std@@@std@@U_Iterator_base0@2@@std@@QEBAPEAU_Node@?$_Tree_nod@V?$_Tmap_traits@V?$basic_string@_WU?$char_traits@_W@std@@V?$allocator@_W@2@@std@@P6AXXZU?$less@V?$basic_string@_WU?$char_traits@_W@std@@V?$allocator@_W@2@@std@@@2@V?$allocator@U?$pair@$$CBV?$basic_string@_WU?$char_traits@_W@std@@V?$allocator@_W@2@@std@@P6AXXZ@std@@@2@$0A@@std@@@2@XZ 0000000180007460 f   CommandManager.obj
 0001:00006470       ??0?$vector@PEAULineCategoryItemData@config@assistent@guch@com@@V?$allocator@PEAULineCategoryItemData@config@assistent@guch@com@@@std@@@std@@QEAA@XZ 0000000180007470 f i LineConfigDataManager.obj
 0001:000064c0       ?push_back@?$vector@PEAULineCategoryItemData@config@assistent@guch@com@@V?$allocator@PEAULineCategoryItemData@config@assistent@guch@com@@@std@@@std@@QEAAXAEBQEAULineCategoryItemData@config@assistent@guch@com@@@Z 00000001800074c0 f i LineConfigDataManager.obj
 0001:00006620       ?_Inside@?$vector@PEAULineCategoryItemData@config@assistent@guch@com@@V?$allocator@PEAULineCategoryItemData@config@assistent@guch@com@@@std@@@std@@IEBA_NPEBQEAULineCategoryItemData@config@assistent@guch@com@@@Z 0000000180007620 f i LineConfigDataManager.obj
 0001:00006690       ?_Reserve@?$vector@PEAULineCategoryItemData@config@assistent@guch@com@@V?$allocator@PEAULineCategoryItemData@config@assistent@guch@com@@@std@@@std@@IEAAX_K@Z 0000000180007690 f i LineConfigDataManager.obj
 0001:00006730       ?_Orphan_range@?$vector@PEAULineCategoryItemData@config@assistent@guch@com@@V?$allocator@PEAULineCategoryItemData@config@assistent@guch@com@@@std@@@std@@IEBAXPEAPEAULineCategoryItemData@config@assistent@guch@com@@0@Z 0000000180007730 f i LineConfigDataManager.obj
 0001:00006750       ??0?$_Vector_val@PEAULineCategoryItemData@config@assistent@guch@com@@V?$allocator@PEAULineCategoryItemData@config@assistent@guch@com@@@std@@@std@@QEAA@V?$allocator@PEAULineCategoryItemData@config@assistent@guch@com@@@1@@Z 0000000180007750 f i LineConfigDataManager.obj
 0001:000067c0       ?reserve@?$vector@PEAULineCategoryItemData@config@assistent@guch@com@@V?$allocator@PEAULineCategoryItemData@config@assistent@guch@com@@@std@@@std@@QEAAX_K@Z 00000001800077c0 f i LineConfigDataManager.obj
 0001:00006910       ?capacity@?$vector@PEAULineCategoryItemData@config@assistent@guch@com@@V?$allocator@PEAULineCategoryItemData@config@assistent@guch@com@@@std@@@std@@QEBA_KXZ 0000000180007910 f i LineConfigDataManager.obj
 0001:00006930       ?size@?$vector@PEAULineCategoryItemData@config@assistent@guch@com@@V?$allocator@PEAULineCategoryItemData@config@assistent@guch@com@@@std@@@std@@QEBA_KXZ 0000000180007930 f i LineConfigDataManager.obj
 0001:00006950       ?max_size@?$vector@PEAULineCategoryItemData@config@assistent@guch@com@@V?$allocator@PEAULineCategoryItemData@config@assistent@guch@com@@@std@@@std@@QEBA_KXZ 0000000180007950 f i LineConfigDataManager.obj
 0001:00006990       ?_Grow_to@?$vector@PEAULineCategoryItemData@config@assistent@guch@com@@V?$allocator@PEAULineCategoryItemData@config@assistent@guch@com@@@std@@@std@@IEBA_K_K@Z 0000000180007990 f i LineConfigDataManager.obj
 0001:00006a50       ?_Xlen@?$vector@PEAULineCategoryItemData@config@assistent@guch@com@@V?$allocator@PEAULineCategoryItemData@config@assistent@guch@com@@@std@@@std@@IEBAXXZ 0000000180007a50 f i LineConfigDataManager.obj
 0001:00006a90       ?_Destroy@?$vector@PEAULineCategoryItemData@config@assistent@guch@com@@V?$allocator@PEAULineCategoryItemData@config@assistent@guch@com@@@std@@@std@@IEAAXPEAPEAULineCategoryItemData@config@assistent@guch@com@@0@Z 0000000180007a90 f i LineConfigDataManager.obj
 0001:00006ae0       ?allocate@?$allocator@PEAULineCategoryItemData@config@assistent@guch@com@@@std@@QEAAPEAPEAULineCategoryItemData@config@assistent@guch@com@@_K@Z 0000000180007ae0 f i LineConfigDataManager.obj
 0001:00006b20       ?max_size@?$allocator@PEAULineCategoryItemData@config@assistent@guch@com@@@std@@QEBA_KXZ 0000000180007b20 f i LineConfigDataManager.obj
 0001:00006b80       ??$_Cons_val@V?$allocator@PEAULineCategoryItemData@config@assistent@guch@com@@@std@@PEAULineCategoryItemData@config@assistent@guch@com@@AEAPEAU34567@@std@@YAXAEAV?$allocator@PEAULineCategoryItemData@config@assistent@guch@com@@@0@PEAPEAULineCategoryItemData@config@assistent@guch@com@@AEAPEAU23456@@Z 0000000180007b80 f i LineConfigDataManager.obj
 0001:00006bd0       ??$_Cons_val@V?$allocator@PEAULineCategoryItemData@config@assistent@guch@com@@@std@@PEAULineCategoryItemData@config@assistent@guch@com@@AEBQEAU34567@@std@@YAXAEAV?$allocator@PEAULineCategoryItemData@config@assistent@guch@com@@@0@PEAPEAULineCategoryItemData@config@assistent@guch@com@@AEBQEAU23456@@Z 0000000180007bd0 f i LineConfigDataManager.obj
 0001:00006c20       ??$_Umove@PEAPEAULineCategoryItemData@config@assistent@guch@com@@@?$vector@PEAULineCategoryItemData@config@assistent@guch@com@@V?$allocator@PEAULineCategoryItemData@config@assistent@guch@com@@@std@@@std@@IEAAPEAPEAULineCategoryItemData@config@assistent@guch@com@@PEAPEAU23456@00@Z 0000000180007c20 f i LineConfigDataManager.obj
 0001:00006c80       ??$_Destroy_range@V?$allocator@PEAULineCategoryItemData@config@assistent@guch@com@@@std@@@std@@YAXPEAPEAULineCategoryItemData@config@assistent@guch@com@@0AEAV?$allocator@PEAULineCategoryItemData@config@assistent@guch@com@@@0@@Z 0000000180007c80 f i LineConfigDataManager.obj
 0001:00006ce0       ??$_Allocate@PEAULineCategoryItemData@config@assistent@guch@com@@@std@@YAPEAPEAULineCategoryItemData@config@assistent@guch@com@@_KPEAPEAU12345@@Z 0000000180007ce0 f i LineConfigDataManager.obj
 0001:00006d80       ?construct@?$allocator@PEAULineCategoryItemData@config@assistent@guch@com@@@std@@QEAAXPEAPEAULineCategoryItemData@config@assistent@guch@com@@AEBQEAU34567@@Z 0000000180007d80 f i LineConfigDataManager.obj
 0001:00006dc0       ??$construct@AEAPEAULineCategoryItemData@config@assistent@guch@com@@@?$allocator@PEAULineCategoryItemData@config@assistent@guch@com@@@std@@QEAAXPEAPEAULineCategoryItemData@config@assistent@guch@com@@AEAPEAU23456@@Z 0000000180007dc0 f i LineConfigDataManager.obj
 0001:00006e50       ??0?$allocator@PEAULineCategoryItemData@config@assistent@guch@com@@@std@@QEAA@XZ 0000000180007e50 f i LineConfigDataManager.obj
 0001:00006e50       ??$move@AEBV?$basic_string@_WU?$char_traits@_W@std@@V?$allocator@_W@2@@std@@@std@@YA$$QEBV?$basic_string@_WU?$char_traits@_W@std@@V?$allocator@_W@2@@0@AEBV10@@Z 0000000180007e50 f i CommandManager.obj
 0001:00006e50       ??0?$allocator@U?$pair@$$CBV?$basic_string@_WU?$char_traits@_W@std@@V?$allocator@_W@2@@std@@P6AXXZ@std@@@std@@QEAA@XZ 0000000180007e50 f i CommandManager.obj
 0001:00006e50       ??$forward@AEBQEAULineCategoryItemData@config@assistent@guch@com@@@std@@YAAEBQEAULineCategoryItemData@config@assistent@guch@com@@AEBQEAU12345@@Z 0000000180007e50 f i LineConfigDataManager.obj
 0001:00006e50       ?_Left@?$_Tree_val@V?$_Tmap_traits@V?$basic_string@_WU?$char_traits@_W@std@@V?$allocator@_W@2@@std@@P6AXXZU?$less@V?$basic_string@_WU?$char_traits@_W@std@@V?$allocator@_W@2@@std@@@2@V?$allocator@U?$pair@$$CBV?$basic_string@_WU?$char_traits@_W@std@@V?$allocator@_W@2@@std@@P6AXXZ@std@@@2@$0A@@std@@@std@@SAAEAPEAU_Node@?$_Tree_nod@V?$_Tmap_traits@V?$basic_string@_WU?$char_traits@_W@std@@V?$allocator@_W@2@@std@@P6AXXZU?$less@V?$basic_string@_WU?$char_traits@_W@std@@V?$allocator@_W@2@@std@@@2@V?$allocator@U?$pair@$$CBV?$basic_string@_WU?$char_traits@_W@std@@V?$allocator@_W@2@@std@@P6AXXZ@std@@@2@$0A@@std@@@2@PEAU342@@Z 0000000180007e50 f i CommandManager.obj
 0001:00006e50       ??$forward@$$CBV?$basic_string@_WU?$char_traits@_W@std@@V?$allocator@_W@2@@std@@@std@@YA$$QEBV?$basic_string@_WU?$char_traits@_W@std@@V?$allocator@_W@2@@0@AEBV10@@Z 0000000180007e50 f i CommandManager.obj
 0001:00006e50       ??0CObject@@IEAA@XZ        0000000180007e50 f i MenuLMAMain.obj
 0001:00006e50       ??$move@AEAP6AXXZ@std@@YA$$QEAP6AXXZAEAP6AXXZ@Z 0000000180007e50 f i CommandManager.obj
 0001:00006e50       ??$forward@U?$pair@$$CBV?$basic_string@_WU?$char_traits@_W@std@@V?$allocator@_W@2@@std@@P6AXXZ@std@@@std@@YA$$QEAU?$pair@$$CBV?$basic_string@_WU?$char_traits@_W@std@@V?$allocator@_W@2@@std@@P6AXXZ@0@AEAU10@@Z 0000000180007e50 f i CommandManager.obj
 0001:00006e50       ??$forward@P6AXXZ@std@@YA$$QEAP6AXXZAEAP6AXXZ@Z 0000000180007e50 f i CommandManager.obj
 0001:00006e50       ??$forward@AEAPEAULineCategoryItemData@config@assistent@guch@com@@@std@@YAAEAPEAULineCategoryItemData@config@assistent@guch@com@@AEAPEAU12345@@Z 0000000180007e50 f i LineConfigDataManager.obj
 0001:00006e50       ??0?$allocator@D@std@@QEAA@XZ 0000000180007e50 f i LineConfigDataManager.obj
 0001:00006e50       ??$forward@AEAV?$_Tree_iterator@V?$_Tree_val@V?$_Tmap_traits@V?$basic_string@_WU?$char_traits@_W@std@@V?$allocator@_W@2@@std@@P6AXXZU?$less@V?$basic_string@_WU?$char_traits@_W@std@@V?$allocator@_W@2@@std@@@2@V?$allocator@U?$pair@$$CBV?$basic_string@_WU?$char_traits@_W@std@@V?$allocator@_W@2@@std@@P6AXXZ@std@@@2@$0A@@std@@@std@@@std@@@std@@YAAEAV?$_Tree_iterator@V?$_Tree_val@V?$_Tmap_traits@V?$basic_string@_WU?$char_traits@_W@std@@V?$allocator@_W@2@@std@@P6AXXZU?$less@V?$basic_string@_WU?$char_traits@_W@std@@V?$allocator@_W@2@@std@@@2@V?$allocator@U?$pair@$$CBV?$basic_string@_WU?$char_traits@_W@std@@V?$allocator@_W@2@@std@@P6AXXZ@std@@@2@$0A@@std@@@std@@@0@AEAV10@@Z 0000000180007e50 f i CommandManager.obj
 0001:00006e50       ??$move@AEA_N@std@@YA$$QEA_NAEA_N@Z 0000000180007e50 f i CommandManager.obj
 0001:00006e50       ??0?$allocator@_W@std@@QEAA@XZ 0000000180007e50 f i CommandManager.obj
 0001:00006e50       ??$addressof@U?$pair@$$CBV?$basic_string@_WU?$char_traits@_W@std@@V?$allocator@_W@2@@std@@P6AXXZ@std@@@std@@YAPEAU?$pair@$$CBV?$basic_string@_WU?$char_traits@_W@std@@V?$allocator@_W@2@@std@@P6AXXZ@0@AEAU10@@Z 0000000180007e50 f i CommandManager.obj
 0001:00006e50       ??$addressof@QEAULineCategoryItemData@config@assistent@guch@com@@@std@@YAPEBQEAULineCategoryItemData@config@assistent@guch@com@@AEBQEAU12345@@Z 0000000180007e50 f i LineConfigDataManager.obj
 0001:00006e50       ??$_Move@AEAD@std@@YA$$QEADAEAD@Z 0000000180007e50 f i CommandManager.obj
 0001:00006e50       ??$_Kfn@$$CBV?$basic_string@_WU?$char_traits@_W@std@@V?$allocator@_W@2@@std@@P6AXXZ@?$_Tmap_traits@V?$basic_string@_WU?$char_traits@_W@std@@V?$allocator@_W@2@@std@@P6AXXZU?$less@V?$basic_string@_WU?$char_traits@_W@std@@V?$allocator@_W@2@@std@@@2@V?$allocator@U?$pair@$$CBV?$basic_string@_WU?$char_traits@_W@std@@V?$allocator@_W@2@@std@@P6AXXZ@std@@@2@$0A@@std@@SAAEBV?$basic_string@_WU?$char_traits@_W@std@@V?$allocator@_W@2@@1@AEBU?$pair@$$CBV?$basic_string@_WU?$char_traits@_W@std@@V?$allocator@_W@2@@std@@P6AXXZ@1@@Z 0000000180007e50 f i CommandManager.obj
 0001:00006e50       ??$forward@_N@std@@YA$$QEA_NAEA_N@Z 0000000180007e50 f i CommandManager.obj
 0001:00006e50       ??$move@AEAV?$_Tree_iterator@V?$_Tree_val@V?$_Tmap_traits@V?$basic_string@_WU?$char_traits@_W@std@@V?$allocator@_W@2@@std@@P6AXXZU?$less@V?$basic_string@_WU?$char_traits@_W@std@@V?$allocator@_W@2@@std@@@2@V?$allocator@U?$pair@$$CBV?$basic_string@_WU?$char_traits@_W@std@@V?$allocator@_W@2@@std@@P6AXXZ@std@@@2@$0A@@std@@@std@@@std@@@std@@YA$$QEAV?$_Tree_iterator@V?$_Tree_val@V?$_Tmap_traits@V?$basic_string@_WU?$char_traits@_W@std@@V?$allocator@_W@2@@std@@P6AXXZU?$less@V?$basic_string@_WU?$char_traits@_W@std@@V?$allocator@_W@2@@std@@@2@V?$allocator@U?$pair@$$CBV?$basic_string@_WU?$char_traits@_W@std@@V?$allocator@_W@2@@std@@P6AXXZ@std@@@2@$0A@@std@@@std@@@0@AEAV10@@Z 0000000180007e50 f i CommandManager.obj
 0001:00006e60       ??$_Uninitialized_move@PEAPEAULineCategoryItemData@config@assistent@guch@com@@PEAPEAU12345@V?$allocator@PEAULineCategoryItemData@config@assistent@guch@com@@@std@@@std@@YAPEAPEAULineCategoryItemData@config@assistent@guch@com@@PEAPEAU12345@00AEAV?$allocator@PEAULineCategoryItemData@config@assistent@guch@com@@@0@@Z 0000000180007e60 f i LineConfigDataManager.obj
 0001:00006ee0       ??$_Ptr_cat@PEAULineCategoryItemData@config@assistent@guch@com@@PEAU12345@@std@@YA?AU_Scalar_ptr_iterator_tag@0@PEAPEAULineCategoryItemData@config@assistent@guch@com@@0@Z 0000000180007ee0 f i LineConfigDataManager.obj
 0001:00006f30       ??$_Destroy_range@V?$allocator@PEAULineCategoryItemData@config@assistent@guch@com@@@std@@@std@@YAXPEAPEAULineCategoryItemData@config@assistent@guch@com@@0AEAV?$allocator@PEAULineCategoryItemData@config@assistent@guch@com@@@0@U_Scalar_ptr_iterator_tag@0@@Z 0000000180007f30 f i LineConfigDataManager.obj
 0001:00006f50       ??$_Construct@PEAULineCategoryItemData@config@assistent@guch@com@@AEBQEAU12345@@std@@YAXPEAPEAULineCategoryItemData@config@assistent@guch@com@@AEBQEAU12345@@Z 0000000180007f50 f i LineConfigDataManager.obj
 0001:00006fe0       ??$_Val_type@PEAPEAULineCategoryItemData@config@assistent@guch@com@@@std@@YAPEAPEAULineCategoryItemData@config@assistent@guch@com@@PEAPEAU12345@@Z 0000000180007fe0 f i LineConfigDataManager.obj
 0001:00006ff0       ??$_Uninit_move@PEAULineCategoryItemData@config@assistent@guch@com@@PEAU12345@PEAU12345@@std@@YAPEAPEAULineCategoryItemData@config@assistent@guch@com@@PEAPEAU12345@00AEAV?$allocator@PEAULineCategoryItemData@config@assistent@guch@com@@@0@0U_Scalar_ptr_iterator_tag@0@@Z 0000000180007ff0 f i LineConfigDataManager.obj
 0001:00007070       ??0?$basic_string@DU?$char_traits@D@std@@V?$allocator@D@2@@std@@QEAA@PEBD@Z 0000000180008070 f i LineConfigDataManager.obj
 0001:000070f0       ?assign@?$basic_string@DU?$char_traits@D@std@@V?$allocator@D@2@@std@@QEAAAEAV12@PEBD@Z 00000001800080f0 f i LineConfigDataManager.obj
 0001:00007140       ?length@?$char_traits@D@std@@SA_KPEBD@Z 0000000180008140 f i LineConfigDataManager.obj
 0001:00007170       ?_Tidy@?$basic_string@DU?$char_traits@D@std@@V?$allocator@D@2@@std@@QEAAX_N_K@Z 0000000180008170 f i LineConfigDataManager.obj
 0001:00007220       ?copy@?$char_traits@D@std@@SAPEADPEADPEBD_K@Z 0000000180008220 f i LineConfigDataManager.obj
 0001:00007270       ??0?$_String_val@_WV?$allocator@_W@std@@@std@@QEAA@V?$allocator@_W@1@@Z 0000000180008270 f i CommandManager.obj
 0001:00007270       ??0?$_String_val@DV?$allocator@D@std@@@std@@QEAA@V?$allocator@D@1@@Z 0000000180008270 f i LineConfigDataManager.obj
 0001:000072c0       ?assign@?$basic_string@DU?$char_traits@D@std@@V?$allocator@D@2@@std@@QEAAAEAV12@PEBD_K@Z 00000001800082c0 f i LineConfigDataManager.obj
 0001:00007380       ?_Eos@?$basic_string@DU?$char_traits@D@std@@V?$allocator@D@2@@std@@QEAAX_K@Z 0000000180008380 f i LineConfigDataManager.obj
 0001:000073e0       ?assign@?$char_traits@D@std@@SAXAEADAEBD@Z 00000001800083e0 f i LineConfigDataManager.obj
 0001:00007400       ?_Myptr@?$basic_string@DU?$char_traits@D@std@@V?$allocator@D@2@@std@@QEAAPEADXZ 0000000180008400 f i LineConfigDataManager.obj
 0001:00007400       ?_Myptr@?$basic_string@DU?$char_traits@D@std@@V?$allocator@D@2@@std@@QEBAPEBDXZ 0000000180008400 f i LineConfigDataManager.obj
 0001:00007450       ?assign@?$basic_string@DU?$char_traits@D@std@@V?$allocator@D@2@@std@@QEAAAEAV12@AEBV12@_K1@Z 0000000180008450 f i LineConfigDataManager.obj
 0001:00007570       ?_Grow@?$basic_string@DU?$char_traits@D@std@@V?$allocator@D@2@@std@@QEAA_N_K_N@Z 0000000180008570 f i LineConfigDataManager.obj
 0001:00007670       ?_Inside@?$basic_string@DU?$char_traits@D@std@@V?$allocator@D@2@@std@@QEAA_NPEBD@Z 0000000180008670 f i LineConfigDataManager.obj
 0001:000076e0       ?_Xlen@?$basic_string@DU?$char_traits@D@std@@V?$allocator@D@2@@std@@QEBAXXZ 00000001800086e0 f i LineConfigDataManager.obj
 0001:000076e0       ?_Xlen@?$basic_string@_WU?$char_traits@_W@std@@V?$allocator@_W@2@@std@@QEBAXXZ 00000001800086e0 f i CommandManager.obj
 0001:00007720       ?erase@?$basic_string@DU?$char_traits@D@std@@V?$allocator@D@2@@std@@QEAAAEAV12@_K0@Z 0000000180008720 f i LineConfigDataManager.obj
 0001:00007830       ?move@?$char_traits@D@std@@SAPEADPEADPEBD_K@Z 0000000180008830 f i LineConfigDataManager.obj
 0001:00007880       ?max_size@?$basic_string@DU?$char_traits@D@std@@V?$allocator@D@2@@std@@QEBA_KXZ 0000000180008880 f i LineConfigDataManager.obj
 0001:000078e0       ?_Copy@?$basic_string@DU?$char_traits@D@std@@V?$allocator@D@2@@std@@QEAAX_K0@Z 00000001800088e0 f i LineConfigDataManager.obj
 0001:00007a70       ?allocate@?$allocator@D@std@@QEAAPEAD_K@Z 0000000180008a70 f i LineConfigDataManager.obj
 0001:00007ab0       ?max_size@?$allocator@D@std@@QEBA_KXZ 0000000180008ab0 f i LineConfigDataManager.obj
 0001:00007b00       ??$_Allocate@D@std@@YAPEAD_KPEAD@Z 0000000180008b00 f i LineConfigDataManager.obj
 0001:00007b90       ??1?$basic_string@DU?$char_traits@D@std@@V?$allocator@D@2@@std@@QEAA@XZ 0000000180008b90 f i LineConfigDataManager.obj
 0001:00007be0       ?GetRuntimeClass@LineConfigDialog@config@assistent@guch@com@@UEBAPEAUCRuntimeClass@@XZ 0000000180008be0 f   LineConfigDialog.obj
 0001:00007bf0       ??0LineConfigDialog@config@assistent@guch@com@@QEAA@PEAVCWnd@@@Z 0000000180008bf0 f   LineConfigDialog.obj
 0001:00007c70       ??_ELineConfigDialog@config@assistent@guch@com@@UEAAPEAXI@Z 0000000180008c70 f i LineConfigDialog.obj
 0001:00007c70       ??_GLineConfigDialog@config@assistent@guch@com@@UEAAPEAXI@Z 0000000180008c70 f i LineConfigDialog.obj
 0001:00007cc0       ??1LineConfigDialog@config@assistent@guch@com@@UEAA@XZ 0000000180008cc0 f   LineConfigDialog.obj
 0001:00007d20       ?DoDataExchange@LineConfigDialog@config@assistent@guch@com@@MEAAXPEAVCDataExchange@@@Z 0000000180008d20 f   LineConfigDialog.obj
 0001:00007d80       ?OnInitDialog@LineConfigDialog@config@assistent@guch@com@@MEAAHXZ 0000000180008d80 f   LineConfigDialog.obj
 0001:00007dd0       ?InitLineHeader@LineConfigDialog@config@assistent@guch@com@@IEAAHXZ 0000000180008dd0 f   LineConfigDialog.obj
 0001:00008110       ?InsertLine@LineConfigDialog@config@assistent@guch@com@@IEAAHHAEBV?$basic_string@_WU?$char_traits@_W@std@@V?$allocator@_W@2@@std@@00000000@Z 0000000180009110 f   LineConfigDialog.obj
 0001:00008310       ?InitLineData@LineConfigDialog@config@assistent@guch@com@@IEAAHXZ 0000000180009310 f   LineConfigDialog.obj
 0001:000084c0       ?GetMessageMap@LineConfigDialog@config@assistent@guch@com@@MEBAPEBUAFX_MSGMAP@@XZ 00000001800094c0 f   LineConfigDialog.obj
 0001:000084f0       ?GetThisMessageMap@LineConfigDialog@config@assistent@guch@com@@KAPEBUAFX_MSGMAP@@XZ 00000001800094f0 f   LineConfigDialog.obj
 0001:00008500       ?OnBnClickedButtonAdd@LineConfigDialog@config@assistent@guch@com@@IEAAXXZ 0000000180009500 f   LineConfigDialog.obj
 0001:00008580       ?begin@?$vector@PEAULineCategoryItemData@config@assistent@guch@com@@V?$allocator@PEAULineCategoryItemData@config@assistent@guch@com@@@std@@@std@@QEAA?AV?$_Vector_iterator@V?$_Vector_val@PEAULineCategoryItemData@config@assistent@guch@com@@V?$allocator@PEAULineCategoryItemData@config@assistent@guch@com@@@std@@@std@@@2@XZ 0000000180009580 f i LineConfigDialog.obj
 0001:000085d0       ?end@?$_Tree@V?$_Tmap_traits@V?$basic_string@_WU?$char_traits@_W@std@@V?$allocator@_W@2@@std@@P6AXXZU?$less@V?$basic_string@_WU?$char_traits@_W@std@@V?$allocator@_W@2@@std@@@2@V?$allocator@U?$pair@$$CBV?$basic_string@_WU?$char_traits@_W@std@@V?$allocator@_W@2@@std@@P6AXXZ@std@@@2@$0A@@std@@@std@@QEBA?AV?$_Tree_const_iterator@V?$_Tree_val@V?$_Tmap_traits@V?$basic_string@_WU?$char_traits@_W@std@@V?$allocator@_W@2@@std@@P6AXXZU?$less@V?$basic_string@_WU?$char_traits@_W@std@@V?$allocator@_W@2@@std@@@2@V?$allocator@U?$pair@$$CBV?$basic_string@_WU?$char_traits@_W@std@@V?$allocator@_W@2@@std@@P6AXXZ@std@@@2@$0A@@std@@@std@@@2@XZ 00000001800095d0 f i CommandManager.obj
 0001:000085d0       ?end@?$vector@PEAULineCategoryItemData@config@assistent@guch@com@@V?$allocator@PEAULineCategoryItemData@config@assistent@guch@com@@@std@@@std@@QEAA?AV?$_Vector_iterator@V?$_Vector_val@PEAULineCategoryItemData@config@assistent@guch@com@@V?$allocator@PEAULineCategoryItemData@config@assistent@guch@com@@@std@@@std@@@2@XZ 00000001800095d0 f i LineConfigDialog.obj
 0001:00008620       ??D?$_Vector_const_iterator@V?$_Vector_val@PEAULineCategoryItemData@config@assistent@guch@com@@V?$allocator@PEAULineCategoryItemData@config@assistent@guch@com@@@std@@@std@@@std@@QEBAAEBQEAULineCategoryItemData@config@assistent@guch@com@@XZ 0000000180009620 f i LineConfigDialog.obj
 0001:00008640       ??E?$_Vector_const_iterator@V?$_Vector_val@PEAULineCategoryItemData@config@assistent@guch@com@@V?$allocator@PEAULineCategoryItemData@config@assistent@guch@com@@@std@@@std@@@std@@QEAA?AV01@H@Z 0000000180009640 f i LineConfigDialog.obj
 0001:000086b0       ??9?$_Vector_const_iterator@V?$_Vector_val@PEAULineCategoryItemData@config@assistent@guch@com@@V?$allocator@PEAULineCategoryItemData@config@assistent@guch@com@@@std@@@std@@@std@@QEBA_NAEBV01@@Z 00000001800096b0 f i LineConfigDialog.obj
[...]
 0001:0000c813       __catch$?_Copy@?$basic_string@_WU?$char_traits@_W@std@@V?$allocator@_W@2@@std@@QEAAX_K0@Z$0 000000018000d813 f   CommandManager.obj
 0001:0000c850       ?catch$0@?0??_Copy@?$basic_string@_WU?$char_traits@_W@std@@V?$allocator@_W@2@@std@@QEAAX_K0@Z@4HA 000000018000d850 f   CommandManager.obj
 0001:0000c863       __catch$?_Copy@?$basic_string@_WU?$char_traits@_W@std@@V?$allocator@_W@2@@std@@QEAAX_K0@Z$1 000000018000d863 f   CommandManager.obj
 0001:0000c890       ?catch$0@?0???$_Buynode@U?$pair@$$CBV?$basic_string@_WU?$char_traits@_W@std@@V?$allocator@_W@2@@std@@P6AXXZ@std@@@?$_Tree_val@V?$_Tmap_traits@V?$basic_string@_WU?$char_traits@_W@std@@V?$allocator@_W@2@@std@@P6AXXZU?$less@V?$basic_string@_WU?$char_traits@_W@std@@V?$allocator@_W@2@@std@@@2@V?$allocator@U?$pair@$$CBV?$basic_string@_WU?$char_traits@_W@std@@V?$allocator@_W@2@@std@@P6AXXZ@std@@@2@$0A@@std@@@std@@QEAAPEAU_Node@?$_Tree_nod@V?$_Tmap_traits@V?$basic_string@_WU?$char_traits@_W@std@@V?$allocator@_W@2@@std@@P6AXXZU?$less@V?$basic_string@_WU?$char_traits@_W@std@@V?$allocator@_W@2@@std@@@2@V?$allocator@U?$pair@$$CBV?$basic_string@_WU?$char_traits@_W@std@@V?$allocator@_W@2@@std@@P6AXXZ@std@@@2@$0A@@std@@@1@$$QEAU?$pair@$$CBV?$basic_string@_WU?$char_traits@_W@std@@V?$allocator@_W@2@@std@@P6AXXZ@1@@Z@4HA 000000018000d890 f   CommandManager.obj
 0001:0000c8a3       __catch$??$_Buynode@U?$pair@$$CBV?$basic_string@_WU?$char_traits@_W@std@@V?$allocator@_W@2@@std@@P6AXXZ@std@@@?$_Tree_val@V?$_Tmap_traits@V?$basic_string@_WU?$char_traits@_W@std@@V?$allocator@_W@2@@std@@P6AXXZU?$less@V?$basic_string@_WU?$char_traits@_W@std@@V?$allocator@_W@2@@std@@@2@V?$allocator@U?$pair@$$CBV?$basic_string@_WU?$char_traits@_W@std@@V?$allocator@_W@2@@std@@P6AXXZ@std@@@2@$0A@@std@@@std@@QEAAPEAU_Node@?$_Tree_nod@V?$_Tmap_traits@V?$basic_string@_WU?$char_traits@_W@std@@V?$allocator@_W@2@@std@@P6AXXZU?$less@V?$basic_string@_WU?$char_traits@_W@std@@V?$allocator@_W@2@@std@@@2@V?$allocator@U?$pair@$$CBV?$basic_string@_WU?$char_traits@_W@std@@V?$allocator@_W@2@@std@@P6AXXZ@std@@@2@$0A@@std@@@1@$$QEAU?$pair@$$CBV?$basic_string@_WU?$char_traits@_W@std@@V?$allocator@_W@2@@std@@P6AXXZ@1@@Z$0 000000018000d8a3 f   CommandManager.obj
 0001:0000c8e0       ?dtor$0@?0???0?$_Pair_base@$$CBV?$basic_string@_WU?$char_traits@_W@std@@V?$allocator@_W@2@@std@@P6AXXZ@std@@QEAA@$$QEBV?$basic_string@_WU?$char_traits@_W@std@@V?$allocator@_W@2@@1@$$QEAP6AXXZ@Z@4HA 000000018000d8e0 f   CommandManager.obj
 0001:0000c8e0       ?dtor$0@?0???0?$_Pair_base@$$CBV?$basic_string@_WU?$char_traits@_W@std@@V?$allocator@_W@2@@std@@P6AXXZ@std@@QEAA@AEBV?$basic_string@_WU?$char_traits@_W@std@@V?$allocator@_W@2@@1@$$QEAP6AXXZ@Z@4HA 000000018000d8e0 f   CommandManager.obj
 0001:0000c910       ?dtor$0@?0???0LineCategoryItemData@config@assistent@guch@com@@QEAA@AEBV?$basic_string@_WU?$char_traits@_W@std@@V?$allocator@_W@2@@std@@00000000@Z@4HA 000000018000d910 f   LineCategoryItemData.obj
 0001:0000c940       ?dtor$1@?0???0LineCategoryItemData@config@assistent@guch@com@@QEAA@AEBV?$basic_string@_WU?$char_traits@_W@std@@V?$allocator@_W@2@@std@@00000000@Z@4HA 000000018000d940 f   LineCategoryItemData.obj
 0001:0000c970       ?dtor$2@?0???0LineCategoryItemData@config@assistent@guch@com@@QEAA@AEBV?$basic_string@_WU?$char_traits@_W@std@@V?$allocator@_W@2@@std@@00000000@Z@4HA 000000018000d970 f   LineCategoryItemData.obj
 0001:0000c9a0       ?dtor$3@?0???0LineCategoryItemData@config@assistent@guch@com@@QEAA@AEBV?$basic_string@_WU?$char_traits@_W@std@@V?$allocator@_W@2@@std@@00000000@Z@4HA 000000018000d9a0 f   LineCategoryItemData.obj
 0001:0000c9d0       ?dtor$4@?0???0LineCategoryItemData@config@assistent@guch@com@@QEAA@AEBV?$basic_string@_WU?$char_traits@_W@std@@V?$allocator@_W@2@@std@@00000000@Z@4HA 000000018000d9d0 f   LineCategoryItemData.obj
 0001:0000ca00       ?dtor$5@?0???0LineCategoryItemData@config@assistent@guch@com@@QEAA@AEBV?$basic_string@_WU?$char_traits@_W@std@@V?$allocator@_W@2@@std@@00000000@Z@4HA 000000018000da00 f   LineCategoryItemData.obj
 0001:0000ca30       ?dtor$6@?0???0LineCategoryItemData@config@assistent@guch@com@@QEAA@AEBV?$basic_string@_WU?$char_traits@_W@std@@V?$allocator@_W@2@@std@@00000000@Z@4HA 000000018000da30 f   LineCategoryItemData.obj
 0001:0000ca60       ?dtor$7@?0???0LineCategoryItemData@config@assistent@guch@com@@QEAA@AEBV?$basic_string@_WU?$char_traits@_W@std@@V?$allocator@_W@2@@std@@00000000@Z@4HA 000000018000da60 f   LineCategoryItemData.obj
 0001:0000ca90       ?dtor$0@?0???0LineConfigDataManager@config@assistent@guch@com@@QEAA@XZ@4HA 000000018000da90 f   LineConfigDataManager.obj
 0001:0000cac0       ?dtor$1@?0???0LineConfigDataManager@config@assistent@guch@com@@QEAA@XZ@4HA 000000018000dac0 f   LineConfigDataManager.obj
 0001:0000caf0       ?dtor$2@?0???0LineConfigDataManager@config@assistent@guch@com@@QEAA@XZ@4HA 000000018000daf0 f   LineConfigDataManager.obj
 0001:0000cb20       ?dtor$3@?0???0LineConfigDataManager@config@assistent@guch@com@@QEAA@XZ@4HA 000000018000db20 f   LineConfigDataManager.obj
 0001:0000cb60       ?dtor$4@?0???0LineConfigDataManager@config@assistent@guch@com@@QEAA@XZ@4HA 000000018000db60 f   LineConfigDataManager.obj
 0001:0000cba0       ?dtor$5@?0???0LineConfigDataManager@config@assistent@guch@com@@QEAA@XZ@4HA 000000018000dba0 f   LineConfigDataManager.obj
 0001:0000cbe0       ?dtor$6@?0???0LineConfigDataManager@config@assistent@guch@com@@QEAA@XZ@4HA 000000018000dbe0 f   LineConfigDataManager.obj
 0001:0000cc20       ?dtor$7@?0???0LineConfigDataManager@config@assistent@guch@com@@QEAA@XZ@4HA 000000018000dc20 f   LineConfigDataManager.obj
 0001:0000cc60       ?catch$0@?0??reserve@?$vector@PEAULineCategoryItemData@config@assistent@guch@com@@V?$allocator@PEAULineCategoryItemData@config@assistent@guch@com@@@std@@@std@@QEAAX_K@Z@4HA 000000018000dc60 f   LineConfigDataManager.obj
 0001:0000cc73       __catch$?reserve@?$vector@PEAULineCategoryItemData@config@assistent@guch@com@@V?$allocator@PEAULineCategoryItemData@config@assistent@guch@com@@@std@@@std@@QEAAX_K@Z$0 000000018000dc73 f   LineConfigDataManager.obj
 0001:0000ccb0       ?dtor$0@?0??construct@?$allocator@U?$pair@$$CBV?$basic_string@_WU?$char_traits@_W@std@@V?$allocator@_W@2@@std@@P6AXXZ@std@@@std@@QEAAXPEAU?$pair@$$CBV?$basic_string@_WU?$char_traits@_W@std@@V?$allocator@_W@2@@std@@P6AXXZ@2@$$QEAU32@@Z@4HA 000000018000dcb0 f   LineConfigDataManager.obj
 0001:0000ccb0       ?dtor$0@?0???$construct@AEAPEAULineCategoryItemData@config@assistent@guch@com@@@?$allocator@PEAULineCategoryItemData@config@assistent@guch@com@@@std@@QEAAXPEAPEAULineCategoryItemData@config@assistent@guch@com@@AEAPEAU23456@@Z@4HA 000000018000dcb0 f   LineConfigDataManager.obj
 0001:0000cce0       ?dtor$0@?0???$_Construct@PEAULineCategoryItemData@config@assistent@guch@com@@AEBQEAU12345@@std@@YAXPEAPEAULineCategoryItemData@config@assistent@guch@com@@AEBQEAU12345@@Z@4HA 000000018000dce0 f   LineConfigDataManager.obj
 0001:0000cd10       ?catch$1@?0??_Copy@?$basic_string@DU?$char_traits@D@std@@V?$allocator@D@2@@std@@QEAAX_K0@Z@4HA 000000018000dd10 f   LineConfigDataManager.obj
 0001:0000cd23       __catch$?_Copy@?$basic_string@DU?$char_traits@D@std@@V?$allocator@D@2@@std@@QEAAX_K0@Z$0 000000018000dd23 f   LineConfigDataManager.obj
 0001:0000cd60       ?catch$0@?0??_Copy@?$basic_string@DU?$char_traits@D@std@@V?$allocator@D@2@@std@@QEAAX_K0@Z@4HA 000000018000dd60 f   LineConfigDataManager.obj
 0001:0000cd73       __catch$?_Copy@?$basic_string@DU?$char_traits@D@std@@V?$allocator@D@2@@std@@QEAAX_K0@Z$1 000000018000dd73 f   LineConfigDataManager.obj
 0001:0000cda0       ?dtor$0@?0???0LineConfigDialog@config@assistent@guch@com@@QEAA@PEAVCWnd@@@Z@4HA 000000018000dda0 f   LineConfigDialog.obj
 0001:0000cda0       ?dtor$0@?0???1LineConfigDialog@config@assistent@guch@com@@UEAA@XZ@4HA 000000018000dda0 f   LineConfigDialog.obj
 0001:0000cdd0       ?dtor$0@?0??ShowAddLineDialog@CommandManager@@SAXXZ@4HA 000000018000ddd0 f   LineConfigDialog.obj
 0001:0000cdd0       ?dtor$0@?0??OnBnClickedButtonAdd@LineConfigDialog@config@assistent@guch@com@@IEAAXXZ@4HA 000000018000ddd0 f   LineConfigDialog.obj
 0001:0000ce00       ?dtor$0@?0??AttachInstance@CAcExtensionModule@@QEAAHPEAUHINSTANCE__@@@Z@4HA 000000018000de00 f   LineManageAssitant.obj
 0001:0000ce30       ?dtor$0@?0???0MenuLMAMain@@QEAA@XZ@4HA 000000018000de30 f   MenuLMAMain.obj
 0001:0000ce60       ?dtor$1@?0???0MenuLMAMain@@QEAA@XZ@4HA 000000018000de60 f   MenuLMAMain.obj
 0001:0000ce90       ?dtor$0@?0???1MenuLMAMain@@UEAA@XZ@4HA 000000018000de90 f   MenuLMAMain.obj
 0001:0000cec0       ?dtor$0@?0??onCommand@MenuLMAMain@@UEAAXK@Z@4HA 000000018000dec0 f   MenuLMAMain.obj
 0001:0000cef0       ?dtor$1@?0??onCommand@MenuLMAMain@@UEAAXK@Z@4HA 000000018000def0 f   MenuLMAMain.obj
 0001:0000cf20       ?dtor$0@?0??CreateMenu@MenuManager@@SAXPEAX@Z@4HA 000000018000df20 f   MenuManager.obj
 0001:0000cf20       ?dtor$0@?0??Instance@LineConfigDataManager@config@assistent@guch@com@@SAPEAV12345@XZ@4HA 000000018000df20 f   MenuManager.obj
 0001:0000cf20       ?dtor$0@?0??RegisterMenu@MenuManager@@AEAAXXZ@4HA 000000018000df20 f   MenuManager.obj
 0001:0000cf20       ?dtor$0@?0??instance@CommandManager@@SAPEAV1@XZ@4HA 000000018000df20 f   MenuManager.obj
 0001:0000cf50       ?dtor$0@?0??AddDropdownMenu@MenuManager@@AEAAXXZ@4HA 000000018000df50 f   MenuManager.obj
 0001:0000cf80       ?dtor$1@?0??AddDropdownMenu@MenuManager@@AEAAXXZ@4HA 000000018000df80 f   MenuManager.obj
 0001:0000cfb0       ?dtor$2@?0??AddDropdownMenu@MenuManager@@AEAAXXZ@4HA 000000018000dfb0 f   MenuManager.obj
 0001:0000cfe0       ?dtor$3@?0??AddDropdownMenu@MenuManager@@AEAAXXZ@4HA 000000018000dfe0 f   MenuManager.obj
 0001:0000d010       ?dtor$4@?0??AddDropdownMenu@MenuManager@@AEAAXXZ@4HA 000000018000e010 f   MenuManager.obj
 0001:0000d040       ?dtor$5@?0??AddDropdownMenu@MenuManager@@AEAAXXZ@4HA 000000018000e040 f   MenuManager.obj
 0001:0000d070       ?dtor$6@?0??AddDropdownMenu@MenuManager@@AEAAXXZ@4HA 000000018000e070 f   MenuManager.obj
 0001:0000d0a0       ?dtor$7@?0??AddDropdownMenu@MenuManager@@AEAAXXZ@4HA 000000018000e0a0 f   MenuManager.obj
 0001:0000d0d0       ?catch$0@?0??AddDropdownMenu@MenuManager@@AEAAXXZ@4HA 000000018000e0d0 f   MenuManager.obj
 0001:0000d0e3       __catch$?AddDropdownMenu@MenuManager@@AEAAXXZ$0 000000018000e0e3 f   MenuManager.obj
 0001:0000d100       ?dtor$8@?0??AddDropdownMenu@MenuManager@@AEAAXXZ@4HA 000000018000e100 f   MenuManager.obj
 0001:0000d130       ?dtor$9@?0??AddDropdownMenu@MenuManager@@AEAAXXZ@4HA 000000018000e130 f   MenuManager.obj
 0001:0000d160       ?dtor$10@?0??AddDropdownMenu@MenuManager@@AEAAXXZ@4HA 000000018000e160 f   MenuManager.obj
 0001:0000d190       ?catch$1@?0??AddDropdownMenu@MenuManager@@AEAAXXZ@4HA 000000018000e190 f   MenuManager.obj
 0001:0000d1a3       __catch$?AddDropdownMenu@MenuManager@@AEAAXXZ$2 000000018000e1a3 f   MenuManager.obj
 0001:0000d1f0       ?dtor$0@?0??RemoveDropdownMenu@MenuManager@@AEAAXXZ@4HA 000000018000e1f0 f   MenuManager.obj
 0001:0000d220       ?dtor$1@?0??RemoveDropdownMenu@MenuManager@@AEAAXXZ@4HA 000000018000e220 f   MenuManager.obj
 0001:0000d250       ?dtor$2@?0??RemoveDropdownMenu@MenuManager@@AEAAXXZ@4HA 000000018000e250 f   MenuManager.obj
 0001:0000d280       ?dtor$3@?0??RemoveDropdownMenu@MenuManager@@AEAAXXZ@4HA 000000018000e280 f   MenuManager.obj
 0001:0000d2b0       ?dtor$4@?0??RemoveDropdownMenu@MenuManager@@AEAAXXZ@4HA 000000018000e2b0 f   MenuManager.obj
 0001:0000d2e0       ?dtor$5@?0??RemoveDropdownMenu@MenuManager@@AEAAXXZ@4HA 000000018000e2e0 f   MenuManager.obj
 0001:0000d310       ?dtor$6@?0??RemoveDropdownMenu@MenuManager@@AEAAXXZ@4HA 000000018000e310 f   MenuManager.obj
 0001:0000d340       ?dtor$7@?0??RemoveDropdownMenu@MenuManager@@AEAAXXZ@4HA 000000018000e340 f   MenuManager.obj
 0001:0000d370       ?catch$0@?0??RemoveDropdownMenu@MenuManager@@AEAAXXZ@4HA 000000018000e370 f   MenuManager.obj
 0001:0000d383       __catch$?RemoveDropdownMenu@MenuManager@@AEAAXXZ$0 000000018000e383 f   MenuManager.obj
 0001:0000d3a0       ?dtor$8@?0??RemoveDropdownMenu@MenuManager@@AEAAXXZ@4HA 000000018000e3a0 f   MenuManager.obj
 0001:0000d3d0       ?catch$1@?0??RemoveDropdownMenu@MenuManager@@AEAAXXZ@4HA 000000018000e3d0 f   MenuManager.obj
 0001:0000d3e3       __catch$?RemoveDropdownMenu@MenuManager@@AEAAXXZ$2 000000018000e3e3 f   MenuManager.obj
 0001:0000d423       _onexit$fin$0              000000018000e423 f   msvcrt:atonexit.obj
 0001:0000d43e       __DllMainCRTStartup$filt$0 000000018000e43e f   msvcrt:crtdll.obj
 0001:0000d46e       __DllMainCRTStartup$fin$1  000000018000e46e f   msvcrt:crtdll.obj
 0001:0000d488       ?filt$0@?0??__ArrayUnwind@@YAXPEAX_KHP6AX0@Z@Z@4HA 000000018000e488 f   msvcrt:ehvecdtr.obj
 0001:0000d4c9       ?fin$0@?0???_M@YAXPEAX_KHP6AX0@Z@Z@4HA 000000018000e4c9 f   msvcrt:ehvecdtr.obj
 0001:0000d500       _IsNonwritableInCurrentImage$filt$0 000000018000e500 f   msvcrt:pesect.obj
 0001:0000d530       ??__E_afxDefaultAcceleratorDelimiter@@YAXXZ 000000018000e530 f   AddLineDialog.obj
 0001:0000d570       ??__E_afxDefaultAcceleratorDelimiter@@YAXXZ 000000018000e570 f   AsdkAcUiDialogSample.obj
 0001:0000d5b0       ??__E_afxDefaultAcceleratorDelimiter@@YAXXZ 000000018000e5b0 f   CommandManager.obj
 0001:0000d5f0       ??__E_afxDefaultAcceleratorDelimiter@@YAXXZ 000000018000e5f0 f   GlobalDataConfig.obj
 0001:0000d630       ??__E?KIND_LINE@GlobalData@data@assistent@guch@com@@2V?$basic_string@_WU?$char_traits@_W@std@@V?$allocator@_W@2@@std@@B@@YAXXZ 000000018000e630 f   GlobalDataConfig.obj
 0001:0000d670       ??__E?KIND_SEPERATOR@GlobalData@data@assistent@guch@com@@2V?$basic_string@_WU?$char_traits@_W@std@@V?$allocator@_W@2@@std@@B@@YAXXZ 000000018000e670 f   GlobalDataConfig.obj
 0001:0000d6b0       ??__E?LINE_CATEGORY_SHANGSHUI@GlobalData@data@assistent@guch@com@@2V?$basic_string@_WU?$char_traits@_W@std@@V?$allocator@_W@2@@std@@B@@YAXXZ 000000018000e6b0 f   GlobalDataConfig.obj
 0001:0000d6f0       ??__E?LINE_CATEGORY_XIASHUI@GlobalData@data@assistent@guch@com@@2V?$basic_string@_WU?$char_traits@_W@std@@V?$allocator@_W@2@@std@@B@@YAXXZ 000000018000e6f0 f   GlobalDataConfig.obj
 0001:0000d730       ??__E?LINE_CATEGORY_NUANQI@GlobalData@data@assistent@guch@com@@2V?$basic_string@_WU?$char_traits@_W@std@@V?$allocator@_W@2@@std@@B@@YAXXZ 000000018000e730 f   GlobalDataConfig.obj
 0001:0000d770       ??__E?LINE_SHAPE_CIRCLE@GlobalData@data@assistent@guch@com@@2V?$basic_string@_WU?$char_traits@_W@std@@V?$allocator@_W@2@@std@@B@@YAXXZ 000000018000e770 f   GlobalDataConfig.obj
 0001:0000d7b0       ??__E?LINE_SHAPE_SQUARE@GlobalData@data@assistent@guch@com@@2V?$basic_string@_WU?$char_traits@_W@std@@V?$allocator@_W@2@@std@@B@@YAXXZ 000000018000e7b0 f   GlobalDataConfig.obj
 0001:0000d7f0       ??__E?LINE_UNIT_MM@GlobalData@data@assistent@guch@com@@2V?$basic_string@_WU?$char_traits@_W@std@@V?$allocator@_W@2@@std@@B@@YAXXZ 000000018000e7f0 f   GlobalDataConfig.obj
 0001:0000d830       ??__E?LINE_UNIT_CM@GlobalData@data@assistent@guch@com@@2V?$basic_string@_WU?$char_traits@_W@std@@V?$allocator@_W@2@@std@@B@@YAXXZ 000000018000e830 f   GlobalDataConfig.obj
 0001:0000d870       ??__E?LINE_UNIT_M@GlobalData@data@assistent@guch@com@@2V?$basic_string@_WU?$char_traits@_W@std@@V?$allocator@_W@2@@std@@B@@YAXXZ 000000018000e870 f   GlobalDataConfig.obj
 0001:0000d8b0       ??__E_afxDefaultAcceleratorDelimiter@@YAXXZ 000000018000e8b0 f   LineCategoryItemData.obj
 0001:0000d8f0       ??__E_afxDefaultAcceleratorDelimiter@@YAXXZ 000000018000e8f0 f   LineConfigDataManager.obj
 0001:0000d930       ??__E?PERSISTENT_FILE@LineConfigDataManager@config@assistent@guch@com@@2V?$basic_string@DU?$char_traits@D@std@@V?$allocator@D@2@@std@@B@@YAXXZ 000000018000e930 f   LineConfigDataManager.obj
 0001:0000d970       ??__E_afxDefaultAcceleratorDelimiter@@YAXXZ 000000018000e970 f   LineConfigDialog.obj
 0001:0000d9b0       ??__E_afxDefaultAcceleratorDelimiter@@YAXXZ 000000018000e9b0 f   LineManageAssitant.obj
 0001:0000d9f0       ??__EtheArxDLL@@YAXXZ      000000018000e9f0 f   LineManageAssitant.obj
 0001:0000da30       ??__E_afxDefaultAcceleratorDelimiter@@YAXXZ 000000018000ea30 f   MenuLMAMain.obj
 0001:0000da70       ??__E_afxDefaultAcceleratorDelimiter@@YAXXZ 000000018000ea70 f   MenuManager.obj
 0001:0000dab0       ??__E_afxDefaultAcceleratorDelimiter@@YAXXZ 000000018000eab0 f   StdAfx.obj
 0001:0000daf0       ??__F_afxDefaultAcceleratorDelimiter@@YAXXZ 000000018000eaf0 f   AddLineDialog.obj
 0001:0000db20       ??__F_afxDefaultAcceleratorDelimiter@@YAXXZ 000000018000eb20 f   AsdkAcUiDialogSample.obj
 0001:0000db50       ??__F_afxDefaultAcceleratorDelimiter@@YAXXZ 000000018000eb50 f   CommandManager.obj
 0001:0000db80       ??__F_afxDefaultAcceleratorDelimiter@@YAXXZ 000000018000eb80 f   GlobalDataConfig.obj
 0001:0000dbb0       ??__F?KIND_LINE@GlobalData@data@assistent@guch@com@@2V?$basic_string@_WU?$char_traits@_W@std@@V?$allocator@_W@2@@std@@B@@YAXXZ 000000018000ebb0 f   GlobalDataConfig.obj
 0001:0000dbe0       ??__F?KIND_SEPERATOR@GlobalData@data@assistent@guch@com@@2V?$basic_string@_WU?$char_traits@_W@std@@V?$allocator@_W@2@@std@@B@@YAXXZ 000000018000ebe0 f   GlobalDataConfig.obj
 0001:0000dc10       ??__F?LINE_CATEGORY_SHANGSHUI@GlobalData@data@assistent@guch@com@@2V?$basic_string@_WU?$char_traits@_W@std@@V?$allocator@_W@2@@std@@B@@YAXXZ 000000018000ec10 f   GlobalDataConfig.obj
 0001:0000dc40       ??__F?LINE_CATEGORY_XIASHUI@GlobalData@data@assistent@guch@com@@2V?$basic_string@_WU?$char_traits@_W@std@@V?$allocator@_W@2@@std@@B@@YAXXZ 000000018000ec40 f   GlobalDataConfig.obj
 0001:0000dc70       ??__F?LINE_CATEGORY_NUANQI@GlobalData@data@assistent@guch@com@@2V?$basic_string@_WU?$char_traits@_W@std@@V?$allocator@_W@2@@std@@B@@YAXXZ 000000018000ec70 f   GlobalDataConfig.obj
 0001:0000dca0       ??__F?LINE_SHAPE_CIRCLE@GlobalData@data@assistent@guch@com@@2V?$basic_string@_WU?$char_traits@_W@std@@V?$allocator@_W@2@@std@@B@@YAXXZ 000000018000eca0 f   GlobalDataConfig.obj
 0001:0000dcd0       ??__F?LINE_SHAPE_SQUARE@GlobalData@data@assistent@guch@com@@2V?$basic_string@_WU?$char_traits@_W@std@@V?$allocator@_W@2@@std@@B@@YAXXZ 000000018000ecd0 f   GlobalDataConfig.obj
 0001:0000dd00       ??__F?LINE_UNIT_MM@GlobalData@data@assistent@guch@com@@2V?$basic_string@_WU?$char_traits@_W@std@@V?$allocator@_W@2@@std@@B@@YAXXZ 000000018000ed00 f   GlobalDataConfig.obj
 0001:0000dd30       ??__F?LINE_UNIT_CM@GlobalData@data@assistent@guch@com@@2V?$basic_string@_WU?$char_traits@_W@std@@V?$allocator@_W@2@@std@@B@@YAXXZ 000000018000ed30 f   GlobalDataConfig.obj
 0001:0000dd60       ??__F?LINE_UNIT_M@GlobalData@data@assistent@guch@com@@2V?$basic_string@_WU?$char_traits@_W@std@@V?$allocator@_W@2@@std@@B@@YAXXZ 000000018000ed60 f   GlobalDataConfig.obj
 0001:0000dd90       ??__F_afxDefaultAcceleratorDelimiter@@YAXXZ 000000018000ed90 f   LineCategoryItemData.obj
 0001:0000ddc0       ??__F_afxDefaultAcceleratorDelimiter@@YAXXZ 000000018000edc0 f   LineConfigDataManager.obj
 0001:0000ddf0       ??__F?PERSISTENT_FILE@LineConfigDataManager@config@assistent@guch@com@@2V?$basic_string@DU?$char_traits@D@std@@V?$allocator@D@2@@std@@B@@YAXXZ 000000018000edf0 f   LineConfigDataManager.obj
 0001:0000de20       ??__F_afxDefaultAcceleratorDelimiter@@YAXXZ 000000018000ee20 f   LineConfigDialog.obj
 0001:0000de50       ??__F_afxDefaultAcceleratorDelimiter@@YAXXZ 000000018000ee50 f   LineManageAssitant.obj
 0001:0000de80       ??__FtheArxDLL@@YAXXZ      000000018000ee80 f   LineManageAssitant.obj
 0001:0000deb0       ??__F_afxDefaultAcceleratorDelimiter@@YAXXZ 000000018000eeb0 f   MenuLMAMain.obj
 0001:0000dee0       ??__F_afxDefaultAcceleratorDelimiter@@YAXXZ 000000018000eee0 f   MenuManager.obj
 0001:0000df10       ??__F_afxDefaultAcceleratorDelimiter@@YAXXZ 000000018000ef10 f   StdAfx.obj

 Exports

  ordinal    name

        1    acrxEntryPoint
        2    acrxGetApiVersion
